Archive member included because of file (symbol)

c:/altera/13.0/nios2eds/bin/gnu/h-i686-mingw32/bin/../lib/gcc/nios2-elf/4.1.2/mno-hw-mul\libgcc.a(lib2-mul.o)
                              obj/default/main.o (__mulsi3)
c:/altera/13.0/nios2eds/bin/gnu/h-i686-mingw32/bin/../lib/gcc/nios2-elf/4.1.2/../../../../nios2-elf/lib/mno-hw-mul\libc.a(lib_a-fclose.o)
                              obj/default/main.o (fclose)
c:/altera/13.0/nios2eds/bin/gnu/h-i686-mingw32/bin/../lib/gcc/nios2-elf/4.1.2/../../../../nios2-elf/lib/mno-hw-mul\libc.a(lib_a-fflush.o)
                              c:/altera/13.0/nios2eds/bin/gnu/h-i686-mingw32/bin/../lib/gcc/nios2-elf/4.1.2/../../../../nios2-elf/lib/mno-hw-mul\libc.a(lib_a-fclose.o) (_fflush_r)
c:/altera/13.0/nios2eds/bin/gnu/h-i686-mingw32/bin/../lib/gcc/nios2-elf/4.1.2/../../../../nios2-elf/lib/mno-hw-mul\libc.a(lib_a-findfp.o)
                              c:/altera/13.0/nios2eds/bin/gnu/h-i686-mingw32/bin/../lib/gcc/nios2-elf/4.1.2/../../../../nios2-elf/lib/mno-hw-mul\libc.a(lib_a-fclose.o) (__sfp_lock_acquire)
c:/altera/13.0/nios2eds/bin/gnu/h-i686-mingw32/bin/../lib/gcc/nios2-elf/4.1.2/../../../../nios2-elf/lib/mno-hw-mul\libc.a(lib_a-fopen.o)
                              obj/default/main.o (fopen)
c:/altera/13.0/nios2eds/bin/gnu/h-i686-mingw32/bin/../lib/gcc/nios2-elf/4.1.2/../../../../nios2-elf/lib/mno-hw-mul\libc.a(lib_a-fread.o)
                              obj/default/main.o (fread)
c:/altera/13.0/nios2eds/bin/gnu/h-i686-mingw32/bin/../lib/gcc/nios2-elf/4.1.2/../../../../nios2-elf/lib/mno-hw-mul\libc.a(lib_a-freer.o)
                              c:/altera/13.0/nios2eds/bin/gnu/h-i686-mingw32/bin/../lib/gcc/nios2-elf/4.1.2/../../../../nios2-elf/lib/mno-hw-mul\libc.a(lib_a-fclose.o) (_free_r)
c:/altera/13.0/nios2eds/bin/gnu/h-i686-mingw32/bin/../lib/gcc/nios2-elf/4.1.2/../../../../nios2-elf/lib/mno-hw-mul\libc.a(lib_a-fseek.o)
                              c:/altera/13.0/nios2eds/bin/gnu/h-i686-mingw32/bin/../lib/gcc/nios2-elf/4.1.2/../../../../nios2-elf/lib/mno-hw-mul\libc.a(lib_a-fopen.o) (_fseek_r)
c:/altera/13.0/nios2eds/bin/gnu/h-i686-mingw32/bin/../lib/gcc/nios2-elf/4.1.2/../../../../nios2-elf/lib/mno-hw-mul\libc.a(lib_a-fstatr.o)
                              c:/altera/13.0/nios2eds/bin/gnu/h-i686-mingw32/bin/../lib/gcc/nios2-elf/4.1.2/../../../../nios2-elf/lib/mno-hw-mul\libc.a(lib_a-fseek.o) (_fstat_r)
c:/altera/13.0/nios2eds/bin/gnu/h-i686-mingw32/bin/../lib/gcc/nios2-elf/4.1.2/../../../../nios2-elf/lib/mno-hw-mul\libc.a(lib_a-fwalk.o)
                              c:/altera/13.0/nios2eds/bin/gnu/h-i686-mingw32/bin/../lib/gcc/nios2-elf/4.1.2/../../../../nios2-elf/lib/mno-hw-mul\libc.a(lib_a-fflush.o) (_fwalk_reent)
c:/altera/13.0/nios2eds/bin/gnu/h-i686-mingw32/bin/../lib/gcc/nios2-elf/4.1.2/../../../../nios2-elf/lib/mno-hw-mul\libc.a(lib_a-fwrite.o)
                              obj/default/main.o (fwrite)
c:/altera/13.0/nios2eds/bin/gnu/h-i686-mingw32/bin/../lib/gcc/nios2-elf/4.1.2/../../../../nios2-elf/lib/mno-hw-mul\libc.a(lib_a-impure.o)
                              c:/altera/13.0/nios2eds/bin/gnu/h-i686-mingw32/bin/../lib/gcc/nios2-elf/4.1.2/../../../../nios2-elf/lib/mno-hw-mul\libc.a(lib_a-fclose.o) (_impure_ptr)
c:/altera/13.0/nios2eds/bin/gnu/h-i686-mingw32/bin/../lib/gcc/nios2-elf/4.1.2/../../../../nios2-elf/lib/mno-hw-mul\libc.a(lib_a-int_errno.o)
                              c:/altera/13.0/nios2eds/bin/gnu/h-i686-mingw32/bin/../lib/gcc/nios2-elf/4.1.2/../../../../nios2-elf/lib/mno-hw-mul\libc.a(lib_a-fstatr.o) (errno)
c:/altera/13.0/nios2eds/bin/gnu/h-i686-mingw32/bin/../lib/gcc/nios2-elf/4.1.2/../../../../nios2-elf/lib/mno-hw-mul\libc.a(lib_a-makebuf.o)
                              c:/altera/13.0/nios2eds/bin/gnu/h-i686-mingw32/bin/../lib/gcc/nios2-elf/4.1.2/../../../../nios2-elf/lib/mno-hw-mul\libc.a(lib_a-fseek.o) (__smakebuf_r)
c:/altera/13.0/nios2eds/bin/gnu/h-i686-mingw32/bin/../lib/gcc/nios2-elf/4.1.2/../../../../nios2-elf/lib/mno-hw-mul\libc.a(lib_a-malloc.o)
                              obj/default/main.o (free)
c:/altera/13.0/nios2eds/bin/gnu/h-i686-mingw32/bin/../lib/gcc/nios2-elf/4.1.2/../../../../nios2-elf/lib/mno-hw-mul\libc.a(lib_a-mallocr.o)
                              c:/altera/13.0/nios2eds/bin/gnu/h-i686-mingw32/bin/../lib/gcc/nios2-elf/4.1.2/../../../../nios2-elf/lib/mno-hw-mul\libc.a(lib_a-findfp.o) (_malloc_r)
c:/altera/13.0/nios2eds/bin/gnu/h-i686-mingw32/bin/../lib/gcc/nios2-elf/4.1.2/../../../../nios2-elf/lib/mno-hw-mul\libc.a(lib_a-memcpy.o)
                              c:/altera/13.0/nios2eds/bin/gnu/h-i686-mingw32/bin/../lib/gcc/nios2-elf/4.1.2/../../../../nios2-elf/lib/mno-hw-mul\libc.a(lib_a-fread.o) (memcpy)
c:/altera/13.0/nios2eds/bin/gnu/h-i686-mingw32/bin/../lib/gcc/nios2-elf/4.1.2/../../../../nios2-elf/lib/mno-hw-mul\libc.a(lib_a-memset.o)
[...]
Memory Configuration

Name             Origin             Length             Attributes
reset            0x02000000         0x00000020
sdram            0x02000020         0x01ffffe0
*default*        0x00000000         0xffffffff

Linker script and memory map

LOAD ../first_app_bsp//obj/HAL/src/crt0.o
LOAD obj/default/main.o
LOAD c:/altera/13.0/nios2eds/bin/gnu/h-i686-mingw32/bin/../lib/gcc/nios2-elf/4.1.2/../../../../nios2-elf/lib/mno-hw-mul\libstdc++.a
LOAD c:/altera/13.0/nios2eds/bin/gnu/h-i686-mingw32/bin/../lib/gcc/nios2-elf/4.1.2/../../../../nios2-elf/lib/mno-hw-mul\libm.a
LOAD c:/altera/13.0/nios2eds/bin/gnu/h-i686-mingw32/bin/../lib/gcc/nios2-elf/4.1.2/mno-hw-mul\libgcc.a
START GROUP
LOAD c:/altera/13.0/nios2eds/bin/gnu/h-i686-mingw32/bin/../lib/gcc/nios2-elf/4.1.2/../../../../nios2-elf/lib/mno-hw-mul\libc.a
LOAD c:/altera/13.0/nios2eds/bin/gnu/h-i686-mingw32/bin/../lib/gcc/nios2-elf/4.1.2/mno-hw-mul\libgcc.a
LOAD ../first_app_bsp/\libhal_bsp.a
END GROUP
LOAD c:/altera/13.0/nios2eds/bin/gnu/h-i686-mingw32/bin/../lib/gcc/nios2-elf/4.1.2/mno-hw-mul\libgcc.a
                0x02000000                __alt_mem_sdram = 0x2000000

.entry          0x02000000       0x20
 *(.entry)
 .entry         0x02000000       0x20 ../first_app_bsp//obj/HAL/src/crt0.o
                0x02000000                __reset

.exceptions     0x02000020      0x194
                0x02000020                PROVIDE (__ram_exceptions_start, ABSOLUTE (.))
                0x02000020                . = ALIGN (0x20)
 *(.irq)
 *(.exceptions.entry.label)
 .exceptions.entry.label
                0x02000020        0x0 ../first_app_bsp/\libhal_bsp.a(alt_irq_entry.o)
                0x02000020                alt_irq_entry
 .exceptions.entry.label
                0x02000020        0x0 ../first_app_bsp/\libhal_bsp.a(alt_exception_entry.o)
                0x02000020                alt_exception
 *(.exceptions.entry.user)
 *(.exceptions.entry)
 .exceptions.entry
                0x02000020       0x54 ../first_app_bsp/\libhal_bsp.a(alt_exception_entry.o)
 *(.exceptions.irqtest.user)
 *(.exceptions.irqtest)
 .exceptions.irqtest
                0x02000074       0x10 ../first_app_bsp/\libhal_bsp.a(alt_irq_entry.o)
 *(.exceptions.irqhandler.user)
 *(.exceptions.irqhandler)
 .exceptions.irqhandler
                0x02000084        0x4 ../first_app_bsp/\libhal_bsp.a(alt_irq_entry.o)
 *(.exceptions.irqreturn.user)
 *(.exceptions.irqreturn)
 .exceptions.irqreturn
                0x02000088        0x4 ../first_app_bsp/\libhal_bsp.a(alt_irq_entry.o)
 *(.exceptions.notirq.label)
 .exceptions.notirq.label
                0x0200008c        0x0 ../first_app_bsp/\libhal_bsp.a(alt_irq_entry.o)
 *(.exceptions.notirq.user)
 *(.exceptions.notirq)
 .exceptions.notirq
                0x0200008c        0x8 ../first_app_bsp/\libhal_bsp.a(alt_exception_entry.o)
 *(.exceptions.soft.user)
 *(.exceptions.soft)
 *(.exceptions.unknown.user)
 *(.exceptions.unknown)
 .exceptions.unknown
                0x02000094        0x4 ../first_app_bsp/\libhal_bsp.a(alt_exception_entry.o)
 *(.exceptions.exit.label)
 .exceptions.exit.label
                0x02000098        0x0 ../first_app_bsp/\libhal_bsp.a(alt_irq_entry.o)
 .exceptions.exit.label
                0x02000098        0x0 ../first_app_bsp/\libhal_bsp.a(alt_exception_entry.o)
 *(.exceptions.exit.user)
 *(.exceptions.exit)
 .exceptions.exit
                0x02000098       0x54 ../first_app_bsp/\libhal_bsp.a(alt_exception_entry.o)
 *(.exceptions)
 .exceptions    0x020000ec       0xc8 ../first_app_bsp/\libhal_bsp.a(alt_irq_handler.o)
                0x020000ec                alt_irq_handler
                0x020001b4                PROVIDE (__ram_exceptions_end, ABSOLUTE (.))
                0x02000020                PROVIDE (__flash_exceptions_start, LOADADDR (.exceptions))

.text           0x020001b4    0x135d8
                0x020001b4                PROVIDE (stext, ABSOLUTE (.))
 *(.interp)
 *(.hash)
 *(.dynsym)
 *(.dynstr)
 *(.gnu.version)
 *(.gnu.version_d)
 *(.gnu.version_r)
 *(.rel.init)
 *(.rela.init)
 *(.rel.text .rel.text.* .rel.gnu.linkonce.t.*)
 *(.rela.text .rela.text.* .rela.gnu.linkonce.t.*)
 *(.rel.fini)
 *(.rela.fini)
 *(.rel.rodata .rel.rodata.* .rel.gnu.linkonce.r.*)
 *(.rela.rodata .rela.rodata.* .rela.gnu.linkonce.r.*)
 *(.rel.data .rel.data.* .rel.gnu.linkonce.d.*)
 *(.rela.data .rela.data.* .rela.gnu.linkonce.d.*)
 *(.rel.tdata .rel.tdata.* .rel.gnu.linkonce.td.*)
 *(.rela.tdata .rela.tdata.* .rela.gnu.linkonce.td.*)
 *(.rel.tbss .rel.tbss.* .rel.gnu.linkonce.tb.*)
 *(.rela.tbss .rela.tbss.* .rela.gnu.linkonce.tb.*)
 *(.rel.ctors)
 *(.rela.ctors)
 *(.rel.dtors)
 *(.rela.dtors)
 *(.rel.got)
 *(.rela.got)
 *(.rel.sdata .rel.sdata.* .rel.gnu.linkonce.s.*)
 *(.rela.sdata .rela.sdata.* .rela.gnu.linkonce.s.*)
 *(.rel.sbss .rel.sbss.* .rel.gnu.linkonce.sb.*)
 *(.rela.sbss .rela.sbss.* .rela.gnu.linkonce.sb.*)
 *(.rel.sdata2 .rel.sdata2.* .rel.gnu.linkonce.s2.*)
 *(.rela.sdata2 .rela.sdata2.* .rela.gnu.linkonce.s2.*)
 *(.rel.sbss2 .rel.sbss2.* .rel.gnu.linkonce.sb2.*)
 *(.rela.sbss2 .rela.sbss2.* .rela.gnu.linkonce.sb2.*)
 *(.rel.bss .rel.bss.* .rel.gnu.linkonce.b.*)
 *(.rela.bss .rela.bss.* .rela.gnu.linkonce.b.*)
 *(.rel.plt)
 *(.rela.plt)
 *(.rel.dyn)
 *(.init)
 *(.plt)
 *(.text .stub .text.* .gnu.linkonce.t.*)
 .text          0x020001b4       0x3c ../first_app_bsp//obj/HAL/src/crt0.o
                0x020001b4                _start
 .text          0x020001f0      0x8cc obj/default/main.o
                0x020001f0                generate_file_name
                0x020002a4                main
 .text          0x02000abc       0x38 c:/altera/13.0/nios2eds/bin/gnu/h-i686-mingw32/bin/../lib/gcc/nios2-elf/4.1.2/mno-hw-mul\libgcc.a(lib2-mul.o)
                0x02000abc                __mulsi3
 .text          0x02000af4      0x124 c:/altera/13.0/nios2eds/bin/gnu/h-i686-mingw32/bin/../lib/gcc/nios2-elf/4.1.2/../../../../nios2-elf/lib/mno-hw-mul\libc.a(lib_a-fclose.o)
                0x02000af4                _fclose_r
                0x02000c04                fclose
 .text          0x02000c18      0x230 c:/altera/13.0/nios2eds/bin/gnu/h-i686-mingw32/bin/../lib/gcc/nios2-elf/4.1.2/../../../../nios2-elf/lib/mno-hw-mul\libc.a(lib_a-fflush.o)
                0x02000c18                _fflush_r
                0x02000e14                fflush
 .text          0x02000e48      0x2f4 c:/altera/13.0/nios2eds/bin/gnu/h-i686-mingw32/bin/../lib/gcc/nios2-elf/4.1.2/../../../../nios2-elf/lib/mno-hw-mul\libc.a(lib_a-findfp.o)
                0x02000ea0                __sfp_lock_acquire
                0x02000ea4                __sfp_lock_release
                0x02000ea8                __sinit_lock_acquire
                0x02000eac                __sinit_lock_release
                0x02000eb0                __sinit
                0x02000f64                __fp_unlock_all
                0x02000f7c                __fp_lock_all
                0x02000f94                _cleanup_r
                0x02000fa0                _cleanup
                0x02000fb0                __sfmoreglue
                0x0200104c                __sfp
 .text          0x0200113c      0x110 c:/altera/13.0/nios2eds/bin/gnu/h-i686-mingw32/bin/../lib/gcc/nios2-elf/4.1.2/../../../../nios2-elf/lib/mno-hw-mul\libc.a(lib_a-fopen.o)
                0x0200113c                _fopen_r
                0x02001230                fopen
 .text          0x0200124c      0x24c c:/altera/13.0/nios2eds/bin/gnu/h-i686-mingw32/bin/../lib/gcc/nios2-elf/4.1.2/../../../../nios2-elf/lib/mno-hw-mul\libc.a(lib_a-fread.o)
                0x0200124c                _fread_r
                0x02001458                fread
 .text          0x02001498      0x440 c:/altera/13.0/nios2eds/bin/gnu/h-i686-mingw32/bin/../lib/gcc/nios2-elf/4.1.2/../../../../nios2-elf/lib/mno-hw-mul\libc.a(lib_a-freer.o)
                0x02001498                _malloc_trim_r
                0x020015c4                _free_r
 .text          0x020018d8      0x460 c:/altera/13.0/nios2eds/bin/gnu/h-i686-mingw32/bin/../lib/gcc/nios2-elf/4.1.2/../../../../nios2-elf/lib/mno-hw-mul\libc.a(lib_a-fseek.o)
                0x020018d8                _fseek_r
                0x02001d14                fseek
 .text          0x02001d38       0x74 c:/altera/13.0/nios2eds/bin/gnu/h-i686-mingw32/bin/../lib/gcc/nios2-elf/4.1.2/../../../../nios2-elf/lib/mno-hw-mul\libc.a(lib_a-fstatr.o)
                0x02001d38                _fstat_r
 .text          0x02001dac      0x180 c:/altera/13.0/nios2eds/bin/gnu/h-i686-mingw32/bin/../lib/gcc/nios2-elf/4.1.2/../../../../nios2-elf/lib/mno-hw-mul\libc.a(lib_a-fwalk.o)
                0x02001dac                _fwalk_reent
                0x02001e74                _fwalk
 .text          0x02001f2c       0xec c:/altera/13.0/nios2eds/bin/gnu/h-i686-mingw32/bin/../lib/gcc/nios2-elf/4.1.2/../../../../nios2-elf/lib/mno-hw-mul\libc.a(lib_a-fwrite.o)
                0x02001f2c                _fwrite_r
                0x02001fd8                fwrite
 .text          0x02002018        0x0 c:/altera/13.0/nios2eds/bin/gnu/h-i686-mingw32/bin/../lib/gcc/nios2-elf/4.1.2/../../../../nios2-elf/lib/mno-hw-mul\libc.a(lib_a-impure.o)
 .text          0x02002018        0x0 c:/altera/13.0/nios2eds/bin/gnu/h-i686-mingw32/bin/../lib/gcc/nios2-elf/4.1.2/../../../../nios2-elf/lib/mno-hw-mul\libc.a(lib_a-int_errno.o)
 .text          0x02002018      0x194 c:/altera/13.0/nios2eds/bin/gnu/h-i686-mingw32/bin/../lib/gcc/nios2-elf/4.1.2/../../../../nios2-elf/lib/mno-hw-mul\libc.a(lib_a-makebuf.o)
                0x02002018                __smakebuf_r
 .text          0x020021ac       0x28 c:/altera/13.0/nios2eds/bin/gnu/h-i686-mingw32/bin/../lib/gcc/nios2-elf/4.1.2/../../../../nios2-elf/lib/mno-hw-mul\libc.a(lib_a-malloc.o)
                0x020021ac                free
                0x020021c0                malloc
 .text          0x020021d4      0x740 c:/altera/13.0/nios2eds/bin/gnu/h-i686-mingw32/bin/../lib/gcc/nios2-elf/4.1.2/../../../../nios2-elf/lib/mno-hw-mul\libc.a(lib_a-mallocr.o)
                0x020021d4                _malloc_r
 .text          0x02002914       0xa0 c:/altera/13.0/nios2eds/bin/gnu/h-i686-mingw32/bin/../lib/gcc/nios2-elf/4.1.2/../../../../nios2-elf/lib/mno-hw-mul\libc.a(lib_a-memcpy.o)
                0x02002914                memcpy
 .text          0x020029b4       0x98 c:/altera/13.0/nios2eds/bin/gnu/h-i686-mingw32/bin/../lib/gcc/nios2-elf/4.1.2/../../../../nios2-elf/lib/mno-hw-mul\libc.a(lib_a-memset.o)
                0x020029b4                memset
 .text          0x02002a4c       0x78 c:/altera/13.0/nios2eds/bin/gnu/h-i686-mingw32/bin/../lib/gcc/nios2-elf/4.1.2/../../../../nios2-elf/lib/mno-hw-mul\libc.a(lib_a-openr.o)
                0x02002a4c                _open_r
 .text          0x02002ac4       0x78 c:/altera/13.0/nios2eds/bin/gnu/h-i686-mingw32/bin/../lib/gcc/nios2-elf/4.1.2/../../../../nios2-elf/lib/mno-hw-mul\libc.a(lib_a-printf.o)
                0x02002ac4                printf
                0x02002b08                _printf_r
 .text          0x02002b3c       0xb4 c:/altera/13.0/nios2eds/bin/gnu/h-i686-mingw32/bin/../lib/gcc/nios2-elf/4.1.2/../../../../nios2-elf/lib/mno-hw-mul\libc.a(lib_a-puts.o)
                0x02002b3c                _puts_r
                0x02002bdc                puts
 .text          0x02002bf0      0x1e0 c:/altera/13.0/nios2eds/bin/gnu/h-i686-mingw32/bin/../lib/gcc/nios2-elf/4.1.2/../../../../nios2-elf/lib/mno-hw-mul\libc.a(lib_a-refill.o)
                0x02002bf0                __srefill_r
 .text          0x02002dd0       0x70 c:/altera/13.0/nios2eds/bin/gnu/h-i686-mingw32/bin/../lib/gcc/nios2-elf/4.1.2/../../../../nios2-elf/lib/mno-hw-mul\libc.a(lib_a-sbrkr.o)
                0x02002dd0                _sbrk_r
 .text          0x02002e40       0x7c c:/altera/13.0/nios2eds/bin/gnu/h-i686-mingw32/bin/../lib/gcc/nios2-elf/4.1.2/../../../../nios2-elf/lib/mno-hw-mul\libc.a(lib_a-scanf.o)
                0x02002e40                _scanf_r
                0x02002e74                scanf
 .text          0x02002ebc      0x14c c:/altera/13.0/nios2eds/bin/gnu/h-i686-mingw32/bin/../lib/gcc/nios2-elf/4.1.2/../../../../nios2-elf/lib/mno-hw-mul\libc.a(lib_a-stdio.o)
                0x02002ebc                __sclose
                0x02002ec4                __sseek
                0x02002f2c                __swrite
                0x02002fa8                __sread
 .text          0x02003008       0x90 c:/altera/13.0/nios2eds/bin/gnu/h-i686-mingw32/bin/../lib/gcc/nios2-elf/4.1.2/../../../../nios2-elf/lib/mno-hw-mul\libc.a(lib_a-strcat.o)
                0x02003008                strcat
 .text          0x02003098       0x8c c:/altera/13.0/nios2eds/bin/gnu/h-i686-mingw32/bin/../lib/gcc/nios2-elf/4.1.2/../../../../nios2-elf/lib/mno-hw-mul\libc.a(lib_a-strcpy.o)
                0x02003098                strcpy
 .text          0x02003124       0x74 c:/altera/13.0/nios2eds/bin/gnu/h-i686-mingw32/bin/../lib/gcc/nios2-elf/4.1.2/../../../../nios2-elf/lib/mno-hw-mul\libc.a(lib_a-strlen.o)
                0x02003124                strlen
 .text          0x02003198     0x1f40 c:/altera/13.0/nios2eds/bin/gnu/h-i686-mingw32/bin/../lib/gcc/nios2-elf/4.1.2/../../../../nios2-elf/lib/mno-hw-mul\libc.a(lib_a-vfprintf.o)
                0x020031f0                ___vfprintf_internal_r
                0x020050b4                __vfprintf_internal
 .text          0x020050d8     0x1788 c:/altera/13.0/nios2eds/bin/gnu/h-i686-mingw32/bin/../lib/gcc/nios2-elf/4.1.2/../../../../nios2-elf/lib/mno-hw-mul\libc.a(lib_a-vfscanf.o)
                0x020050d8                __svfscanf_r
                0x02006760                __svfscanf
                0x02006784                _vfscanf_r
                0x020067ec                vfscanf
 .text          0x02006860       0x78 c:/altera/13.0/nios2eds/bin/gnu/h-i686-mingw32/bin/../lib/gcc/nios2-elf/4.1.2/../../../../nios2-elf/lib/mno-hw-mul\libc.a(lib_a-writer.o)
                0x02006860                _write_r
 .text          0x020068d8      0x13c c:/altera/13.0/nios2eds/bin/gnu/h-i686-mingw32/bin/../lib/gcc/nios2-elf/4.1.2/../../../../nios2-elf/lib/mno-hw-mul\libc.a(lib_a-wsetup.o)
                0x020068d8                __swsetup_r
 .text          0x02006a14       0x70 c:/altera/13.0/nios2eds/bin/gnu/h-i686-mingw32/bin/../lib/gcc/nios2-elf/4.1.2/../../../../nios2-elf/lib/mno-hw-mul\libc.a(lib_a-closer.o)
                0x02006a14                _close_r
 .text          0x02006a84        0x0 c:/altera/13.0/nios2eds/bin/gnu/h-i686-mingw32/bin/../lib/gcc/nios2-elf/4.1.2/../../../../nios2-elf/lib/mno-hw-mul\libc.a(lib_a-ctype_.o)
 .text          0x02006a84     0x17f8 c:/altera/13.0/nios2eds/bin/gnu/h-i686-mingw32/bin/../lib/gcc/nios2-elf/4.1.2/../../../../nios2-elf/lib/mno-hw-mul\libc.a(lib_a-dtoa.o)
                0x02006cc8                _dtoa_r
 .text          0x0200827c       0xa0 c:/altera/13.0/nios2eds/bin/gnu/h-i686-mingw32/bin/../lib/gcc/nios2-elf/4.1.2/../../../../nios2-elf/lib/mno-hw-mul\libc.a(lib_a-flags.o)
                0x0200827c                __sflags
 .text          0x0200831c      0x49c c:/altera/13.0/nios2eds/bin/gnu/h-i686-mingw32/bin/../lib/gcc/nios2-elf/4.1.2/../../../../nios2-elf/lib/mno-hw-mul\libc.a(lib_a-fvwrite.o)
                0x0200831c                __sfvwrite_r
 .text          0x020087b8       0x70 c:/altera/13.0/nios2eds/bin/gnu/h-i686-mingw32/bin/../lib/gcc/nios2-elf/4.1.2/../../../../nios2-elf/lib/mno-hw-mul\libc.a(lib_a-isattyr.o)
                0x020087b8                _isatty_r
 .text          0x02008828       0x2c c:/altera/13.0/nios2eds/bin/gnu/h-i686-mingw32/bin/../lib/gcc/nios2-elf/4.1.2/../../../../nios2-elf/lib/mno-hw-mul\libc.a(lib_a-iswspace.o)
                0x02008828                iswspace
 .text          0x02008854       0xc4 c:/altera/13.0/nios2eds/bin/gnu/h-i686-mingw32/bin/../lib/gcc/nios2-elf/4.1.2/../../../../nios2-elf/lib/mno-hw-mul\libc.a(lib_a-locale.o)
                0x02008854                __locale_charset
                0x0200885c                _localeconv_r
                0x02008868                localeconv
                0x02008878                _setlocale_r
                0x020088fc                setlocale
 .text          0x02008918       0x78 c:/altera/13.0/nios2eds/bin/gnu/h-i686-mingw32/bin/../lib/gcc/nios2-elf/4.1.2/../../../../nios2-elf/lib/mno-hw-mul\libc.a(lib_a-lseekr.o)
                0x02008918                _lseek_r
 .text          0x02008990       0xc0 c:/altera/13.0/nios2eds/bin/gnu/h-i686-mingw32/bin/../lib/gcc/nios2-elf/4.1.2/../../../../nios2-elf/lib/mno-hw-mul\libc.a(lib_a-mbrtowc.o)
                0x02008990                _mbrtowc_r
                0x02008a10                mbrtowc
 .text          0x02008a50       0x40 c:/altera/13.0/nios2eds/bin/gnu/h-i686-mingw32/bin/../lib/gcc/nios2-elf/4.1.2/../../../../nios2-elf/lib/mno-hw-mul\libc.a(lib_a-mbtowc_r.o)
                0x02008a50                _mbtowc_r
 .text          0x02008a90       0xe4 c:/altera/13.0/nios2eds/bin/gnu/h-i686-mingw32/bin/../lib/gcc/nios2-elf/4.1.2/../../../../nios2-elf/lib/mno-hw-mul\libc.a(lib_a-memchr.o)
                0x02008a90                memchr
 .text          0x02008b74       0xe0 c:/altera/13.0/nios2eds/bin/gnu/h-i686-mingw32/bin/../lib/gcc/nios2-elf/4.1.2/../../../../nios2-elf/lib/mno-hw-mul\libc.a(lib_a-memmove.o)
                0x02008b74                memmove
 .text          0x02008c54     0x108c c:/altera/13.0/nios2eds/bin/gnu/h-i686-mingw32/bin/../lib/gcc/nios2-elf/4.1.2/../../../../nios2-elf/lib/mno-hw-mul\libc.a(lib_a-mprec.o)
                0x02008c54                _Bfree
                0x02008c7c                __hi0bits
                0x02008cec                __lo0bits
                0x02008db0                __mcmp
                0x02008e10                __ulp
                0x02008e90                __b2d
                0x02008fb0                __ratio
                0x02009060                _mprec_log10
                0x020090f4                __copybits
                0x0200914c                __any_on
                0x020091d4                _Balloc
                0x02009290                __d2b
                0x0200940c                __mdiff
                0x02009598                __lshift
                0x020096e4                __multiply
                0x02009938                __i2b
                0x02009974                __multadd
                0x02009aa0                __pow5mult
                0x02009bc0                __s2b
 .text          0x02009ce0       0x78 c:/altera/13.0/nios2eds/bin/gnu/h-i686-mingw32/bin/../lib/gcc/nios2-elf/4.1.2/../../../../nios2-elf/lib/mno-hw-mul\libc.a(lib_a-readr.o)
                0x02009ce0                _read_r
 .text          0x02009d58      0x5f4 c:/altera/13.0/nios2eds/bin/gnu/h-i686-mingw32/bin/../lib/gcc/nios2-elf/4.1.2/../../../../nios2-elf/lib/mno-hw-mul\libc.a(lib_a-reallocr.o)
                0x02009d58                _realloc_r
 .text          0x0200a34c       0x40 c:/altera/13.0/nios2eds/bin/gnu/h-i686-mingw32/bin/../lib/gcc/nios2-elf/4.1.2/../../../../nios2-elf/lib/mno-hw-mul\libc.a(lib_a-s_isinfd.o)
                0x0200a34c                __isinfd
 .text          0x0200a38c       0x30 c:/altera/13.0/nios2eds/bin/gnu/h-i686-mingw32/bin/../lib/gcc/nios2-elf/4.1.2/../../../../nios2-elf/lib/mno-hw-mul\libc.a(lib_a-s_isnand.o)
                0x0200a38c                __isnand
 .text          0x0200a3bc       0xc0 c:/altera/13.0/nios2eds/bin/gnu/h-i686-mingw32/bin/../lib/gcc/nios2-elf/4.1.2/../../../../nios2-elf/lib/mno-hw-mul\libc.a(lib_a-sccl.o)
                0x0200a3bc                __sccl
 .text          0x0200a47c        0x8 c:/altera/13.0/nios2eds/bin/gnu/h-i686-mingw32/bin/../lib/gcc/nios2-elf/4.1.2/../../../../nios2-elf/lib/mno-hw-mul\libc.a(lib_a-sf_nan.o)
                0x0200a47c                nanf
 .text          0x0200a484       0xd4 c:/altera/13.0/nios2eds/bin/gnu/h-i686-mingw32/bin/../lib/gcc/nios2-elf/4.1.2/../../../../nios2-elf/lib/mno-hw-mul\libc.a(lib_a-sprintf.o)
                0x0200a484                sprintf
                0x0200a4f8                _sprintf_r
 .text          0x0200a558       0xbc c:/altera/13.0/nios2eds/bin/gnu/h-i686-mingw32/bin/../lib/gcc/nios2-elf/4.1.2/../../../../nios2-elf/lib/mno-hw-mul\libc.a(lib_a-strcmp.o)
                0x0200a558                strcmp
 .text          0x0200a614     0x1754 c:/altera/13.0/nios2eds/bin/gnu/h-i686-mingw32/bin/../lib/gcc/nios2-elf/4.1.2/../../../../nios2-elf/lib/mno-hw-mul\libc.a(lib_a-strtod.o)
                0x0200a65c                _strtod_r
                0x0200bc28                strtof
                0x0200bd4c                strtod
 .text          0x0200bd68      0x274 c:/altera/13.0/nios2eds/bin/gnu/h-i686-mingw32/bin/../lib/gcc/nios2-elf/4.1.2/../../../../nios2-elf/lib/mno-hw-mul\libc.a(lib_a-strtol.o)
                0x0200bd68                _strtol_r
                0x0200bfb8                strtol
 .text          0x0200bfdc      0x318 c:/altera/13.0/nios2eds/bin/gnu/h-i686-mingw32/bin/../lib/gcc/nios2-elf/4.1.2/../../../../nios2-elf/lib/mno-hw-mul\libc.a(lib_a-strtoll_r.o)
                0x0200bfdc                _strtoll_r
 .text          0x0200c2f4      0x264 c:/altera/13.0/nios2eds/bin/gnu/h-i686-mingw32/bin/../lib/gcc/nios2-elf/4.1.2/../../../../nios2-elf/lib/mno-hw-mul\libc.a(lib_a-strtoul.o)
                0x0200c2f4                _strtoul_r
                0x0200c534                strtoul
 .text          0x0200c558      0x2f0 c:/altera/13.0/nios2eds/bin/gnu/h-i686-mingw32/bin/../lib/gcc/nios2-elf/4.1.2/../../../../nios2-elf/lib/mno-hw-mul\libc.a(lib_a-strtoull_r.o)
                0x0200c558                _strtoull_r
 .text          0x0200c848      0x294 c:/altera/13.0/nios2eds/bin/gnu/h-i686-mingw32/bin/../lib/gcc/nios2-elf/4.1.2/../../../../nios2-elf/lib/mno-hw-mul\libc.a(lib_a-ungetc.o)
                0x0200c848                __submore
                0x0200c924                _ungetc_r
                0x0200cac0                ungetc
 .text          0x0200cadc       0xc8 c:/altera/13.0/nios2eds/bin/gnu/h-i686-mingw32/bin/../lib/gcc/nios2-elf/4.1.2/../../../../nios2-elf/lib/mno-hw-mul\libc.a(lib_a-callocr.o)
                0x0200cadc                _calloc_r
 .text          0x0200cba4      0x938 c:/altera/13.0/nios2eds/bin/gnu/h-i686-mingw32/bin/../lib/gcc/nios2-elf/4.1.2/../../../../nios2-elf/lib/mno-hw-mul\libc.a(lib_a-gdtoa-gethex.o)
                0x0200cbc8                __hexdig_init
                0x0200cce0                __gethex
 .text          0x0200d4dc      0x294 c:/altera/13.0/nios2eds/bin/gnu/h-i686-mingw32/bin/../lib/gcc/nios2-elf/4.1.2/../../../../nios2-elf/lib/mno-hw-mul\libc.a(lib_a-gdtoa-hexnan.o)
                0x0200d528                __hexnan
 .text          0x0200d770      0x124 c:/altera/13.0/nios2eds/bin/gnu/h-i686-mingw32/bin/../lib/gcc/nios2-elf/4.1.2/mno-hw-mul\libgcc.a(_muldi3.o)
                0x0200d770                __muldi3
 .text          0x0200d894       0xa4 c:/altera/13.0/nios2eds/bin/gnu/h-i686-mingw32/bin/../lib/gcc/nios2-elf/4.1.2/mno-hw-mul\libgcc.a(_fixunsdfsi.o)
                0x0200d894                __fixunsdfsi
 .text          0x0200d938      0x66c c:/altera/13.0/nios2eds/bin/gnu/h-i686-mingw32/bin/../lib/gcc/nios2-elf/4.1.2/mno-hw-mul\libgcc.a(_udivdi3.o)
                0x0200d938                __udivdi3
 .text          0x0200dfa4      0x660 c:/altera/13.0/nios2eds/bin/gnu/h-i686-mingw32/bin/../lib/gcc/nios2-elf/4.1.2/mno-hw-mul\libgcc.a(_umoddi3.o)
                0x0200dfa4                __umoddi3
 .text          0x0200e604       0x78 c:/altera/13.0/nios2eds/bin/gnu/h-i686-mingw32/bin/../lib/gcc/nios2-elf/4.1.2/mno-hw-mul\libgcc.a(_ne_sf.o)
                0x0200e604                __nesf2
 .text          0x0200e67c       0x78 c:/altera/13.0/nios2eds/bin/gnu/h-i686-mingw32/bin/../lib/gcc/nios2-elf/4.1.2/mno-hw-mul\libgcc.a(_gt_sf.o)
                0x0200e67c                __gtsf2
 .text          0x0200e6f4       0x78 c:/altera/13.0/nios2eds/bin/gnu/h-i686-mingw32/bin/../lib/gcc/nios2-elf/4.1.2/mno-hw-mul\libgcc.a(_lt_sf.o)
                0x0200e6f4                __ltsf2
 .text          0x0200e76c      0x504 c:/altera/13.0/nios2eds/bin/gnu/h-i686-mingw32/bin/../lib/gcc/nios2-elf/4.1.2/mno-hw-mul\libgcc.a(_addsub_df.o)
                0x0200eb7c                __subdf3
                0x0200ebfc                __adddf3
 .text          0x0200ec70      0x3c4 c:/altera/13.0/nios2eds/bin/gnu/h-i686-mingw32/bin/../lib/gcc/nios2-elf/4.1.2/mno-hw-mul\libgcc.a(_mul_df.o)
                0x0200ec70                __muldf3
 .text          0x0200f034      0x258 c:/altera/13.0/nios2eds/bin/gnu/h-i686-mingw32/bin/../lib/gcc/nios2-elf/4.1.2/mno-hw-mul\libgcc.a(_div_df.o)
                0x0200f034                __divdf3
 .text          0x0200f28c       0x88 c:/altera/13.0/nios2eds/bin/gnu/h-i686-mingw32/bin/../lib/gcc/nios2-elf/4.1.2/mno-hw-mul\libgcc.a(_eq_df.o)
                0x0200f28c                __eqdf2
 .text          0x0200f314       0x88 c:/altera/13.0/nios2eds/bin/gnu/h-i686-mingw32/bin/../lib/gcc/nios2-elf/4.1.2/mno-hw-mul\libgcc.a(_ne_df.o)
                0x0200f314                __nedf2
 .text          0x0200f39c       0x88 c:/altera/13.0/nios2eds/bin/gnu/h-i686-mingw32/bin/../lib/gcc/nios2-elf/4.1.2/mno-hw-mul\libgcc.a(_gt_df.o)
                0x0200f39c                __gtdf2
 .text          0x0200f424       0x88 c:/altera/13.0/nios2eds/bin/gnu/h-i686-mingw32/bin/../lib/gcc/nios2-elf/4.1.2/mno-hw-mul\libgcc.a(_ge_df.o)
                0x0200f424                __gedf2
 .text          0x0200f4ac       0x88 c:/altera/13.0/nios2eds/bin/gnu/h-i686-mingw32/bin/../lib/gcc/nios2-elf/4.1.2/mno-hw-mul\libgcc.a(_lt_df.o)
                0x0200f4ac                __ltdf2
 .text          0x0200f534       0x88 c:/altera/13.0/nios2eds/bin/gnu/h-i686-mingw32/bin/../lib/gcc/nios2-elf/4.1.2/mno-hw-mul\libgcc.a(_le_df.o)
                0x0200f534                __ledf2
 .text          0x0200f5bc       0xf8 c:/altera/13.0/nios2eds/bin/gnu/h-i686-mingw32/bin/../lib/gcc/nios2-elf/4.1.2/mno-hw-mul\libgcc.a(_si_to_df.o)
                0x0200f5bc                __floatsidf
 .text          0x0200f6b4       0xd8 c:/altera/13.0/nios2eds/bin/gnu/h-i686-mingw32/bin/../lib/gcc/nios2-elf/4.1.2/mno-hw-mul\libgcc.a(_df_to_si.o)
                0x0200f6b4                __fixdfsi
 .text          0x0200f78c       0x74 c:/altera/13.0/nios2eds/bin/gnu/h-i686-mingw32/bin/../lib/gcc/nios2-elf/4.1.2/mno-hw-mul\libgcc.a(_df_to_sf.o)
                0x0200f78c                __truncdfsf2
 .text          0x0200f800        0x0 c:/altera/13.0/nios2eds/bin/gnu/h-i686-mingw32/bin/../lib/gcc/nios2-elf/4.1.2/mno-hw-mul\libgcc.a(_thenan_df.o)
 .text          0x0200f800      0x194 c:/altera/13.0/nios2eds/bin/gnu/h-i686-mingw32/bin/../lib/gcc/nios2-elf/4.1.2/mno-hw-mul\libgcc.a(_usi_to_df.o)
                0x0200f800                __floatunsidf
 .text          0x0200f994      0x14c c:/altera/13.0/nios2eds/bin/gnu/h-i686-mingw32/bin/../lib/gcc/nios2-elf/4.1.2/mno-hw-mul\libgcc.a(lib2-divmod.o)
                0x0200fa10                __divsi3
                0x0200fa70                __modsi3
                0x0200fad0                __udivsi3
                0x0200fad8                __umodsi3
 .text          0x0200fae0        0x0 c:/altera/13.0/nios2eds/bin/gnu/h-i686-mingw32/bin/../lib/gcc/nios2-elf/4.1.2/mno-hw-mul\libgcc.a(_clz.o)
 .text          0x0200fae0       0x80 c:/altera/13.0/nios2eds/bin/gnu/h-i686-mingw32/bin/../lib/gcc/nios2-elf/4.1.2/mno-hw-mul\libgcc.a(_clzsi2.o)
                0x0200fae0                __clzsi2
 .text          0x0200fb60       0xc8 c:/altera/13.0/nios2eds/bin/gnu/h-i686-mingw32/bin/../lib/gcc/nios2-elf/4.1.2/mno-hw-mul\libgcc.a(_unpack_sf.o)
                0x0200fb60                __unpack_f
 .text          0x0200fc28       0xa8 c:/altera/13.0/nios2eds/bin/gnu/h-i686-mingw32/bin/../lib/gcc/nios2-elf/4.1.2/mno-hw-mul\libgcc.a(_fpcmp_parts_sf.o)
                0x0200fc28                __fpcmp_parts_f
 .text          0x0200fcd0       0x2c c:/altera/13.0/nios2eds/bin/gnu/h-i686-mingw32/bin/../lib/gcc/nios2-elf/4.1.2/mno-hw-mul\libgcc.a(_make_sf.o)
                0x0200fcd0                __make_fp
 .text          0x0200fcfc      0x314 c:/altera/13.0/nios2eds/bin/gnu/h-i686-mingw32/bin/../lib/gcc/nios2-elf/4.1.2/mno-hw-mul\libgcc.a(_pack_df.o)
                0x0200fcfc                __pack_d
 .text          0x02010010      0x138 c:/altera/13.0/nios2eds/bin/gnu/h-i686-mingw32/bin/../lib/gcc/nios2-elf/4.1.2/mno-hw-mul\libgcc.a(_unpack_df.o)
                0x02010010                __unpack_d
 .text          0x02010148       0xc8 c:/altera/13.0/nios2eds/bin/gnu/h-i686-mingw32/bin/../lib/gcc/nios2-elf/4.1.2/mno-hw-mul\libgcc.a(_fpcmp_parts_df.o)
                0x02010148                __fpcmp_parts_d
 .text          0x02010210      0x160 c:/altera/13.0/nios2eds/bin/gnu/h-i686-mingw32/bin/../lib/gcc/nios2-elf/4.1.2/mno-hw-mul\libgcc.a(_pack_sf.o)
                0x02010210                __pack_f
 .text          0x02010370      0x160 ../first_app_bsp/\libhal_bsp.a(alt_close.o)
                0x02010370                close
 .text          0x020104d0       0x2c ../first_app_bsp/\libhal_bsp.a(alt_dev.o)
 .text          0x020104fc        0x0 ../first_app_bsp/\libhal_bsp.a(alt_errno.o)
 .text          0x020104fc      0x138 ../first_app_bsp/\libhal_bsp.a(alt_fstat.o)
                0x020104fc                fstat
 .text          0x02010634      0x124 ../first_app_bsp/\libhal_bsp.a(alt_isatty.o)
                0x02010634                isatty
 .text          0x02010758       0xec ../first_app_bsp/\libhal_bsp.a(alt_load.o)
                0x02010758                alt_load
 .text          0x02010844      0x154 ../first_app_bsp/\libhal_bsp.a(alt_lseek.o)
                0x02010844                lseek
 .text          0x02010998       0x6c ../first_app_bsp/\libhal_bsp.a(alt_main.o)
                0x02010998                alt_main
 .text          0x02010a04       0x40 ../first_app_bsp/\libhal_bsp.a(alt_malloc_lock.o)
                0x02010a04                __malloc_lock
                0x02010a24                __malloc_unlock
 .text          0x02010a44      0x2e4 ../first_app_bsp/\libhal_bsp.a(alt_open.o)
                0x02010b3c                open
 .text          0x02010d28      0x184 ../first_app_bsp/\libhal_bsp.a(alt_read.o)
                0x02010d28                read
 .text          0x02010eac       0x78 ../first_app_bsp/\libhal_bsp.a(alt_release_fd.o)
                0x02010eac                alt_release_fd
 .text          0x02010f24       0xbc ../first_app_bsp/\libhal_bsp.a(alt_sbrk.o)
                0x02010f24                sbrk
 .text          0x02010fe0      0x184 ../first_app_bsp/\libhal_bsp.a(alt_write.o)
                0x02010fe0                write
 .text          0x02011164       0xcc ../first_app_bsp/\libhal_bsp.a(alt_sys_init.o)
                0x02011164                alt_irq_init
                0x02011198                alt_sys_init
 .text          0x02011230      0x148 ../first_app_bsp/\libhal_bsp.a(altera_avalon_jtag_uart_fd.o)
                0x02011230                altera_avalon_jtag_uart_read_fd
                0x02011288                altera_avalon_jtag_uart_write_fd
                0x020112e0                altera_avalon_jtag_uart_close_fd
                0x02011328                altera_avalon_jtag_uart_ioctl_fd
 .text          0x02011378      0x40c ../first_app_bsp/\libhal_bsp.a(altera_avalon_jtag_uart_init.o)
                0x02011378                altera_avalon_jtag_uart_init
                0x02011710                altera_avalon_jtag_uart_close
 .text          0x02011784       0xf4 ../first_app_bsp/\libhal_bsp.a(altera_avalon_jtag_uart_ioctl.o)
                0x02011784                altera_avalon_jtag_uart_ioctl
 .text          0x02011878      0x224 ../first_app_bsp/\libhal_bsp.a(altera_avalon_jtag_uart_read.o)
                0x02011878                altera_avalon_jtag_uart_read
 .text          0x02011a9c      0x240 ../first_app_bsp/\libhal_bsp.a(altera_avalon_jtag_uart_write.o)
                0x02011a9c                altera_avalon_jtag_uart_write
 .text          0x02011cdc      0x18c ../first_app_bsp/\libhal_bsp.a(altera_avalon_performance_counter.o)
                0x02011cdc                perf_get_section_time
                0x02011d8c                perf_get_total_time
                0x02011de0                perf_get_num_starts
                0x02011e20                alt_get_performance_counter_base
                0x02011e44                alt_get_cpu_freq
 .text          0x02011e68      0x5a0 ../first_app_bsp/\libhal_bsp.a(altera_hostfs.o)
                0x02011e68                alt_hostfs_open
                0x02011fbc                alt_hostfs_close
                0x02012010                alt_hostfs_read
                0x020120b0                alt_hostfs_write
                0x02012150                alt_hostfs_seek
                0x020121f0                alt_hostfs_fstat
 .text          0x02012408      0x294 ../first_app_bsp/\libhal_bsp.a(perf_print_formatted_report.o)
                0x02012408                perf_print_formatted_report
 .text          0x0201269c      0x154 ../first_app_bsp/\libhal_bsp.a(alt_alarm_start.o)
                0x0201269c                alt_alarm_start
 .text          0x020127f0       0x1c ../first_app_bsp/\libhal_bsp.a(alt_dcache_flush_all.o)
                0x020127f0                alt_dcache_flush_all
 .text          0x0201280c      0x114 ../first_app_bsp/\libhal_bsp.a(alt_dev_llist_insert.o)
                0x0201280c                alt_dev_llist_insert
 .text          0x02012920       0x64 ../first_app_bsp/\libhal_bsp.a(alt_do_ctors.o)
                0x02012920                _do_ctors
 .text          0x02012984       0x64 ../first_app_bsp/\libhal_bsp.a(alt_do_dtors.o)
                0x02012984                _do_dtors
 .text          0x020129e8       0x94 ../first_app_bsp/\libhal_bsp.a(alt_find_dev.o)
                0x020129e8                alt_find_dev
 .text          0x02012a7c      0x120 ../first_app_bsp/\libhal_bsp.a(alt_find_file.o)
                0x02012a7c                alt_find_file
 .text          0x02012b9c       0x90 ../first_app_bsp/\libhal_bsp.a(alt_fs_reg.o)
                0x02012b9c                alt_fs_reg
 .text          0x02012c2c       0xd0 ../first_app_bsp/\libhal_bsp.a(alt_get_fd.o)
                0x02012c2c                alt_get_fd
 .text          0x02012cfc       0x1c ../first_app_bsp/\libhal_bsp.a(alt_icache_flush_all.o)
                0x02012cfc                alt_icache_flush_all
 .text          0x02012d18      0x1d4 ../first_app_bsp/\libhal_bsp.a(alt_iic.o)
                0x02012d18                alt_ic_isr_register
                0x02012d68                alt_ic_irq_enable
                0x02012e04                alt_ic_irq_disable
                0x02012ea4                alt_ic_irq_enabled
 .text          0x02012eec       0xf8 ../first_app_bsp/\libhal_bsp.a(alt_iic_isr_register.o)
                0x02012eec                alt_iic_isr_register
 .text          0x02012fe4      0x150 ../first_app_bsp/\libhal_bsp.a(alt_io_redirect.o)
                0x020130bc                alt_io_redirect
 .text          0x02013134        0x0 ../first_app_bsp/\libhal_bsp.a(alt_irq_entry.o)
 .text          0x02013134        0x0 ../first_app_bsp/\libhal_bsp.a(alt_irq_handler.o)
 .text          0x02013134        0x0 ../first_app_bsp/\libhal_bsp.a(alt_irq_vars.o)
 .text          0x02013134      0x1a4 ../first_app_bsp/\libhal_bsp.a(alt_tick.o)
                0x02013134                alt_alarm_stop
                0x020131cc                alt_tick
 .text          0x020132d8       0x20 ../first_app_bsp/\libhal_bsp.a(altera_nios2_qsys_irq.o)
                0x020132d8                altera_nios2_qsys_irq_init
 .text          0x020132f8        0x0 ../first_app_bsp/\libhal_bsp.a(alt_exception_entry.o)
 .text          0x020132f8       0x14 c:/altera/13.0/nios2eds/bin/gnu/h-i686-mingw32/bin/../lib/gcc/nios2-elf/4.1.2/../../../../nios2-elf/lib/mno-hw-mul\libc.a(lib_a-atexit.o)
                0x020132f8                atexit
 .text          0x0201330c       0x38 c:/altera/13.0/nios2eds/bin/gnu/h-i686-mingw32/bin/../lib/gcc/nios2-elf/4.1.2/../../../../nios2-elf/lib/mno-hw-mul\libc.a(lib_a-exit.o)
                0x0201330c                exit
 .text          0x02013344       0x74 c:/altera/13.0/nios2eds/bin/gnu/h-i686-mingw32/bin/../lib/gcc/nios2-elf/4.1.2/../../../../nios2-elf/lib/mno-hw-mul\libc.a(lib_a-memcmp.o)
                0x02013344                memcmp
 .text          0x020133b8      0x134 c:/altera/13.0/nios2eds/bin/gnu/h-i686-mingw32/bin/../lib/gcc/nios2-elf/4.1.2/../../../../nios2-elf/lib/mno-hw-mul\libc.a(lib_a-__atexit.o)
                0x020133b8                __register_exitproc
 .text          0x020134ec      0x1b4 c:/altera/13.0/nios2eds/bin/gnu/h-i686-mingw32/bin/../lib/gcc/nios2-elf/4.1.2/../../../../nios2-elf/lib/mno-hw-mul\libc.a(lib_a-__call_atexit.o)
                0x020134f0                __call_exitprocs
 .text          0x020136a0       0x88 c:/altera/13.0/nios2eds/bin/gnu/h-i686-mingw32/bin/../lib/gcc/nios2-elf/4.1.2/mno-hw-mul\libgcc.a(_floatundidf.o)
                0x020136a0                __floatundidf
 .text          0x02013728       0x60 ../first_app_bsp/\libhal_bsp.a(alt_exit.o)
                0x02013768                _exit
 *(.gnu.warning.*)
 *(.fini)
                0x02013788                PROVIDE (__etext, ABSOLUTE (.))
                0x02013788                PROVIDE (_etext, ABSOLUTE (.))
                0x02013788                PROVIDE (etext, ABSOLUTE (.))
 *(.eh_frame_hdr)
                0x02013788                . = ALIGN (0x4)
                0x02013788                PROVIDE (__preinit_array_start, ABSOLUTE (.))
 *(.preinit_array)
                0x02013788                PROVIDE (__preinit_array_end, ABSOLUTE (.))
                0x02013788                PROVIDE (__init_array_start, ABSOLUTE (.))
 *(.init_array)
                0x02013788                PROVIDE (__init_array_end, ABSOLUTE (.))
                0x02013788                PROVIDE (__fini_array_start, ABSOLUTE (.))
 *(.fini_array)
                0x02013788                PROVIDE (__fini_array_end, ABSOLUTE (.))
 *(.eh_frame)
 *(.gcc_except_table)
 *(.dynamic)
                0x02013788                PROVIDE (__CTOR_LIST__, ABSOLUTE (.))
 *(.ctors)
 *(SORT(.ctors.*))
 .ctors.65535   0x02013788        0x4 c:/altera/13.0/nios2eds/bin/gnu/h-i686-mingw32/bin/../lib/gcc/nios2-elf/4.1.2/../../../../nios2-elf/lib/mno-hw-mul\libc.a(lib_a-__call_atexit.o)
                0x0201378c                PROVIDE (__CTOR_END__, ABSOLUTE (.))
                0x0201378c                PROVIDE (__DTOR_LIST__, ABSOLUTE (.))
 *(.dtors)
 *(SORT(.dtors.*))
                0x0201378c                PROVIDE (__DTOR_END__, ABSOLUTE (.))
 *(.jcr)
                0x0201378c                . = ALIGN (0x4)

.rodata         0x0201378c      0x82c
                0x0201378c                PROVIDE (__ram_rodata_start, ABSOLUTE (.))
                0x0201378c                . = ALIGN (0x4)
 *(.rodata .rodata.* .gnu.linkonce.r.*)
 .rodata        0x0201378c       0xe0 obj/default/main.o
 .rodata.str1.4
                0x0201386c        0x2 c:/altera/13.0/nios2eds/bin/gnu/h-i686-mingw32/bin/../lib/gcc/nios2-elf/4.1.2/../../../../nios2-elf/lib/mno-hw-mul\libc.a(lib_a-impure.o)
                                  0x4 (size before relaxing)
 *fill*         0x0201386e        0x2 00
 .rodata.str1.4
                0x02013870        0x2 c:/altera/13.0/nios2eds/bin/gnu/h-i686-mingw32/bin/../lib/gcc/nios2-elf/4.1.2/../../../../nios2-elf/lib/mno-hw-mul\libc.a(lib_a-puts.o)
                                  0x4 (size before relaxing)
 *fill*         0x02013872        0x2 00
 .rodata.str1.4
                0x02013874       0x5e c:/altera/13.0/nios2eds/bin/gnu/h-i686-mingw32/bin/../lib/gcc/nios2-elf/4.1.2/../../../../nios2-elf/lib/mno-hw-mul\libc.a(lib_a-vfprintf.o)
                                 0x60 (size before relaxing)
 *fill*         0x020138d2        0x2 00
 .rodata        0x020138d4       0x20 c:/altera/13.0/nios2eds/bin/gnu/h-i686-mingw32/bin/../lib/gcc/nios2-elf/4.1.2/../../../../nios2-elf/lib/mno-hw-mul\libc.a(lib_a-vfprintf.o)
 .rodata.str1.4
                0x020138f4        0x5 c:/altera/13.0/nios2eds/bin/gnu/h-i686-mingw32/bin/../lib/gcc/nios2-elf/4.1.2/../../../../nios2-elf/lib/mno-hw-mul\libc.a(lib_a-vfscanf.o)
                                  0x8 (size before relaxing)
 *fill*         0x020138f9        0x3 00
 .rodata        0x020138fc       0x24 c:/altera/13.0/nios2eds/bin/gnu/h-i686-mingw32/bin/../lib/gcc/nios2-elf/4.1.2/../../../../nios2-elf/lib/mno-hw-mul\libc.a(lib_a-vfscanf.o)
 .rodata        0x02013920      0x284 c:/altera/13.0/nios2eds/bin/gnu/h-i686-mingw32/bin/../lib/gcc/nios2-elf/4.1.2/../../../../nios2-elf/lib/mno-hw-mul\libc.a(lib_a-ctype_.o)
                0x02013920                _ctype_
 .rodata.str1.4
                0x02013ba4       0x10 c:/altera/13.0/nios2eds/bin/gnu/h-i686-mingw32/bin/../lib/gcc/nios2-elf/4.1.2/../../../../nios2-elf/lib/mno-hw-mul\libc.a(lib_a-dtoa.o)
                                 0x14 (size before relaxing)
 .rodata.str1.4
                0x02013bb4        0xf c:/altera/13.0/nios2eds/bin/gnu/h-i686-mingw32/bin/../lib/gcc/nios2-elf/4.1.2/../../../../nios2-elf/lib/mno-hw-mul\libc.a(lib_a-locale.o)
                                 0x18 (size before relaxing)
 *fill*         0x02013bc3        0x1 00
 .rodata        0x02013bc4       0x30 c:/altera/13.0/nios2eds/bin/gnu/h-i686-mingw32/bin/../lib/gcc/nios2-elf/4.1.2/../../../../nios2-elf/lib/mno-hw-mul\libc.a(lib_a-locale.o)
 .rodata.str1.4
                0x00000000        0x4 c:/altera/13.0/nios2eds/bin/gnu/h-i686-mingw32/bin/../lib/gcc/nios2-elf/4.1.2/../../../../nios2-elf/lib/mno-hw-mul\libc.a(lib_a-mbrtowc.o)
 .rodata        0x02013bf4      0x124 c:/altera/13.0/nios2eds/bin/gnu/h-i686-mingw32/bin/../lib/gcc/nios2-elf/4.1.2/../../../../nios2-elf/lib/mno-hw-mul\libc.a(lib_a-mprec.o)
                0x02013bf4                __mprec_tens
                0x02013cbc                __mprec_bigtens
                0x02013ce4                __mprec_tinytens
 .rodata.str1.4
                0x02013d18        0xf c:/altera/13.0/nios2eds/bin/gnu/h-i686-mingw32/bin/../lib/gcc/nios2-elf/4.1.2/../../../../nios2-elf/lib/mno-hw-mul\libc.a(lib_a-strtod.o)
                                 0x10 (size before relaxing)
 *fill*         0x02013d27        0x1 00
 .rodata        0x02013d28       0x28 c:/altera/13.0/nios2eds/bin/gnu/h-i686-mingw32/bin/../lib/gcc/nios2-elf/4.1.2/../../../../nios2-elf/lib/mno-hw-mul\libc.a(lib_a-strtod.o)
 .rodata.str1.4
                0x02013d50       0x1c c:/altera/13.0/nios2eds/bin/gnu/h-i686-mingw32/bin/../lib/gcc/nios2-elf/4.1.2/../../../../nios2-elf/lib/mno-hw-mul\libc.a(lib_a-gdtoa-gethex.o)
 .rodata        0x02013d6c       0x14 c:/altera/13.0/nios2eds/bin/gnu/h-i686-mingw32/bin/../lib/gcc/nios2-elf/4.1.2/mno-hw-mul\libgcc.a(_thenan_df.o)
                0x02013d6c                __thenan_df
 .rodata        0x02013d80      0x100 c:/altera/13.0/nios2eds/bin/gnu/h-i686-mingw32/bin/../lib/gcc/nios2-elf/4.1.2/mno-hw-mul\libgcc.a(_clz.o)
                0x02013d80                __clz_tab
 .rodata        0x02013e80        0xc ../first_app_bsp/\libhal_bsp.a(alt_dev.o)
 .rodata        0x02013e8c       0x10 ../first_app_bsp/\libhal_bsp.a(alt_main.o)
 .rodata        0x02013e9c       0x1c ../first_app_bsp/\libhal_bsp.a(alt_sys_init.o)
 .rodata        0x02013eb8      0x100 ../first_app_bsp/\libhal_bsp.a(perf_print_formatted_report.o)
 *(.rodata1)
                0x02013fb8                . = ALIGN (0x4)
                0x02013fb8                PROVIDE (__ram_rodata_end, ABSOLUTE (.))
                0x0201378c                PROVIDE (__flash_rodata_start, LOADADDR (.rodata))

.rwdata         0x02013fb8     0x1af8 load address 0x02015ab0
                0x02013fb8                PROVIDE (__ram_rwdata_start, ABSOLUTE (.))
                0x02013fb8                . = ALIGN (0x4)
 *(.got.plt)
 *(.got)
 *(.data1)
 *(.data .data.* .gnu.linkonce.d.*)
 .data          0x02013fb8        0x0 ../first_app_bsp//obj/HAL/src/crt0.o
 .data          0x02013fb8        0x0 obj/default/main.o
 .data          0x02013fb8        0x0 c:/altera/13.0/nios2eds/bin/gnu/h-i686-mingw32/bin/../lib/gcc/nios2-elf/4.1.2/mno-hw-mul\libgcc.a(lib2-mul.o)
 .data          0x02013fb8        0x0 c:/altera/13.0/nios2eds/bin/gnu/h-i686-mingw32/bin/../lib/gcc/nios2-elf/4.1.2/../../../../nios2-elf/lib/mno-hw-mul\libc.a(lib_a-fclose.o)
 .data          0x02013fb8        0x0 c:/altera/13.0/nios2eds/bin/gnu/h-i686-mingw32/bin/../lib/gcc/nios2-elf/4.1.2/../../../../nios2-elf/lib/mno-hw-mul\libc.a(lib_a-fflush.o)
 .data          0x02013fb8        0x0 c:/altera/13.0/nios2eds/bin/gnu/h-i686-mingw32/bin/../lib/gcc/nios2-elf/4.1.2/../../../../nios2-elf/lib/mno-hw-mul\libc.a(lib_a-findfp.o)
 .data          0x02013fb8        0x0 c:/altera/13.0/nios2eds/bin/gnu/h-i686-mingw32/bin/../lib/gcc/nios2-elf/4.1.2/../../../../nios2-elf/lib/mno-hw-mul\libc.a(lib_a-fopen.o)
 .data          0x02013fb8        0x0 c:/altera/13.0/nios2eds/bin/gnu/h-i686-mingw32/bin/../lib/gcc/nios2-elf/4.1.2/../../../../nios2-elf/lib/mno-hw-mul\libc.a(lib_a-fread.o)
 .data          0x02013fb8        0x0 c:/altera/13.0/nios2eds/bin/gnu/h-i686-mingw32/bin/../lib/gcc/nios2-elf/4.1.2/../../../../nios2-elf/lib/mno-hw-mul\libc.a(lib_a-freer.o)
 .data          0x02013fb8        0x0 c:/altera/13.0/nios2eds/bin/gnu/h-i686-mingw32/bin/../lib/gcc/nios2-elf/4.1.2/../../../../nios2-elf/lib/mno-hw-mul\libc.a(lib_a-fseek.o)
 .data          0x02013fb8        0x0 c:/altera/13.0/nios2eds/bin/gnu/h-i686-mingw32/bin/../lib/gcc/nios2-elf/4.1.2/../../../../nios2-elf/lib/mno-hw-mul\libc.a(lib_a-fstatr.o)
 .data          0x02013fb8        0x0 c:/altera/13.0/nios2eds/bin/gnu/h-i686-mingw32/bin/../lib/gcc/nios2-elf/4.1.2/../../../../nios2-elf/lib/mno-hw-mul\libc.a(lib_a-fwalk.o)
 .data          0x02013fb8        0x0 c:/altera/13.0/nios2eds/bin/gnu/h-i686-mingw32/bin/../lib/gcc/nios2-elf/4.1.2/../../../../nios2-elf/lib/mno-hw-mul\libc.a(lib_a-fwrite.o)
 .data          0x02013fb8      0x400 c:/altera/13.0/nios2eds/bin/gnu/h-i686-mingw32/bin/../lib/gcc/nios2-elf/4.1.2/../../../../nios2-elf/lib/mno-hw-mul\libc.a(lib_a-impure.o)
 .data          0x020143b8        0x0 c:/altera/13.0/nios2eds/bin/gnu/h-i686-mingw32/bin/../lib/gcc/nios2-elf/4.1.2/../../../../nios2-elf/lib/mno-hw-mul\libc.a(lib_a-int_errno.o)
 .data          0x020143b8        0x0 c:/altera/13.0/nios2eds/bin/gnu/h-i686-mingw32/bin/../lib/gcc/nios2-elf/4.1.2/../../../../nios2-elf/lib/mno-hw-mul\libc.a(lib_a-makebuf.o)
 .data          0x020143b8        0x0 c:/altera/13.0/nios2eds/bin/gnu/h-i686-mingw32/bin/../lib/gcc/nios2-elf/4.1.2/../../../../nios2-elf/lib/mno-hw-mul\libc.a(lib_a-malloc.o)
 .data          0x020143b8      0x408 c:/altera/13.0/nios2eds/bin/gnu/h-i686-mingw32/bin/../lib/gcc/nios2-elf/4.1.2/../../../../nios2-elf/lib/mno-hw-mul\libc.a(lib_a-mallocr.o)
                0x020143b8                __malloc_av_
 .data          0x020147c0        0x0 c:/altera/13.0/nios2eds/bin/gnu/h-i686-mingw32/bin/../lib/gcc/nios2-elf/4.1.2/../../../../nios2-elf/lib/mno-hw-mul\libc.a(lib_a-memcpy.o)
 .data          0x020147c0        0x0 c:/altera/13.0/nios2eds/bin/gnu/h-i686-mingw32/bin/../lib/gcc/nios2-elf/4.1.2/../../../../nios2-elf/lib/mno-hw-mul\libc.a(lib_a-memset.o)
 .data          0x020147c0        0x0 c:/altera/13.0/nios2eds/bin/gnu/h-i686-mingw32/bin/../lib/gcc/nios2-elf/4.1.2/../../../../nios2-elf/lib/mno-hw-mul\libc.a(lib_a-openr.o)
 .data          0x020147c0        0x0 c:/altera/13.0/nios2eds/bin/gnu/h-i686-mingw32/bin/../lib/gcc/nios2-elf/4.1.2/../../../../nios2-elf/lib/mno-hw-mul\libc.a(lib_a-printf.o)
 .data          0x020147c0        0x0 c:/altera/13.0/nios2eds/bin/gnu/h-i686-mingw32/bin/../lib/gcc/nios2-elf/4.1.2/../../../../nios2-elf/lib/mno-hw-mul\libc.a(lib_a-puts.o)
 .data          0x020147c0        0x0 c:/altera/13.0/nios2eds/bin/gnu/h-i686-mingw32/bin/../lib/gcc/nios2-elf/4.1.2/../../../../nios2-elf/lib/mno-hw-mul\libc.a(lib_a-refill.o)
 .data          0x020147c0        0x0 c:/altera/13.0/nios2eds/bin/gnu/h-i686-mingw32/bin/../lib/gcc/nios2-elf/4.1.2/../../../../nios2-elf/lib/mno-hw-mul\libc.a(lib_a-sbrkr.o)
 .data          0x020147c0        0x0 c:/altera/13.0/nios2eds/bin/gnu/h-i686-mingw32/bin/../lib/gcc/nios2-elf/4.1.2/../../../../nios2-elf/lib/mno-hw-mul\libc.a(lib_a-scanf.o)
 .data          0x020147c0        0x0 c:/altera/13.0/nios2eds/bin/gnu/h-i686-mingw32/bin/../lib/gcc/nios2-elf/4.1.2/../../../../nios2-elf/lib/mno-hw-mul\libc.a(lib_a-stdio.o)
 .data          0x020147c0        0x0 c:/altera/13.0/nios2eds/bin/gnu/h-i686-mingw32/bin/../lib/gcc/nios2-elf/4.1.2/../../../../nios2-elf/lib/mno-hw-mul\libc.a(lib_a-strcat.o)
 .data          0x020147c0        0x0 c:/altera/13.0/nios2eds/bin/gnu/h-i686-mingw32/bin/../lib/gcc/nios2-elf/4.1.2/../../../../nios2-elf/lib/mno-hw-mul\libc.a(lib_a-strcpy.o)
 .data          0x020147c0        0x0 c:/altera/13.0/nios2eds/bin/gnu/h-i686-mingw32/bin/../lib/gcc/nios2-elf/4.1.2/../../../../nios2-elf/lib/mno-hw-mul\libc.a(lib_a-strlen.o)
 .data          0x020147c0        0x0 c:/altera/13.0/nios2eds/bin/gnu/h-i686-mingw32/bin/../lib/gcc/nios2-elf/4.1.2/../../../../nios2-elf/lib/mno-hw-mul\libc.a(lib_a-vfprintf.o)
 .data          0x020147c0        0x0 c:/altera/13.0/nios2eds/bin/gnu/h-i686-mingw32/bin/../lib/gcc/nios2-elf/4.1.2/../../../../nios2-elf/lib/mno-hw-mul\libc.a(lib_a-vfscanf.o)
 .data          0x020147c0        0x0 c:/altera/13.0/nios2eds/bin/gnu/h-i686-mingw32/bin/../lib/gcc/nios2-elf/4.1.2/../../../../nios2-elf/lib/mno-hw-mul\libc.a(lib_a-writer.o)
 .data          0x020147c0        0x0 c:/altera/13.0/nios2eds/bin/gnu/h-i686-mingw32/bin/../lib/gcc/nios2-elf/4.1.2/../../../../nios2-elf/lib/mno-hw-mul\libc.a(lib_a-wsetup.o)
 .data          0x020147c0        0x0 c:/altera/13.0/nios2eds/bin/gnu/h-i686-mingw32/bin/../lib/gcc/nios2-elf/4.1.2/../../../../nios2-elf/lib/mno-hw-mul\libc.a(lib_a-closer.o)
 .data          0x020147c0        0x0 c:/altera/13.0/nios2eds/bin/gnu/h-i686-mingw32/bin/../lib/gcc/nios2-elf/4.1.2/../../../../nios2-elf/lib/mno-hw-mul\libc.a(lib_a-ctype_.o)
 .data          0x020147c0        0x0 c:/altera/13.0/nios2eds/bin/gnu/h-i686-mingw32/bin/../lib/gcc/nios2-elf/4.1.2/../../../../nios2-elf/lib/mno-hw-mul\libc.a(lib_a-dtoa.o)
 .data          0x020147c0        0x0 c:/altera/13.0/nios2eds/bin/gnu/h-i686-mingw32/bin/../lib/gcc/nios2-elf/4.1.2/../../../../nios2-elf/lib/mno-hw-mul\libc.a(lib_a-flags.o)
 .data          0x020147c0        0x0 c:/altera/13.0/nios2eds/bin/gnu/h-i686-mingw32/bin/../lib/gcc/nios2-elf/4.1.2/../../../../nios2-elf/lib/mno-hw-mul\libc.a(lib_a-fvwrite.o)
 .data          0x020147c0        0x0 c:/altera/13.0/nios2eds/bin/gnu/h-i686-mingw32/bin/../lib/gcc/nios2-elf/4.1.2/../../../../nios2-elf/lib/mno-hw-mul\libc.a(lib_a-isattyr.o)
 .data          0x020147c0        0x0 c:/altera/13.0/nios2eds/bin/gnu/h-i686-mingw32/bin/../lib/gcc/nios2-elf/4.1.2/../../../../nios2-elf/lib/mno-hw-mul\libc.a(lib_a-iswspace.o)
 .data          0x020147c0        0xc c:/altera/13.0/nios2eds/bin/gnu/h-i686-mingw32/bin/../lib/gcc/nios2-elf/4.1.2/../../../../nios2-elf/lib/mno-hw-mul\libc.a(lib_a-locale.o)
                0x020147c0                __lc_ctype
 .data          0x020147cc        0x0 c:/altera/13.0/nios2eds/bin/gnu/h-i686-mingw32/bin/../lib/gcc/nios2-elf/4.1.2/../../../../nios2-elf/lib/mno-hw-mul\libc.a(lib_a-lseekr.o)
 .data          0x020147cc        0x0 c:/altera/13.0/nios2eds/bin/gnu/h-i686-mingw32/bin/../lib/gcc/nios2-elf/4.1.2/../../../../nios2-elf/lib/mno-hw-mul\libc.a(lib_a-mbrtowc.o)
 .data          0x020147cc        0x0 c:/altera/13.0/nios2eds/bin/gnu/h-i686-mingw32/bin/../lib/gcc/nios2-elf/4.1.2/../../../../nios2-elf/lib/mno-hw-mul\libc.a(lib_a-mbtowc_r.o)
 .data          0x020147cc        0x0 c:/altera/13.0/nios2eds/bin/gnu/h-i686-mingw32/bin/../lib/gcc/nios2-elf/4.1.2/../../../../nios2-elf/lib/mno-hw-mul\libc.a(lib_a-memchr.o)
 .data          0x020147cc        0x0 c:/altera/13.0/nios2eds/bin/gnu/h-i686-mingw32/bin/../lib/gcc/nios2-elf/4.1.2/../../../../nios2-elf/lib/mno-hw-mul\libc.a(lib_a-memmove.o)
 .data          0x020147cc        0x0 c:/altera/13.0/nios2eds/bin/gnu/h-i686-mingw32/bin/../lib/gcc/nios2-elf/4.1.2/../../../../nios2-elf/lib/mno-hw-mul\libc.a(lib_a-mprec.o)
 .data          0x020147cc        0x0 c:/altera/13.0/nios2eds/bin/gnu/h-i686-mingw32/bin/../lib/gcc/nios2-elf/4.1.2/../../../../nios2-elf/lib/mno-hw-mul\libc.a(lib_a-readr.o)
 .data          0x020147cc        0x0 c:/altera/13.0/nios2eds/bin/gnu/h-i686-mingw32/bin/../lib/gcc/nios2-elf/4.1.2/../../../../nios2-elf/lib/mno-hw-mul\libc.a(lib_a-reallocr.o)
 .data          0x020147cc        0x0 c:/altera/13.0/nios2eds/bin/gnu/h-i686-mingw32/bin/../lib/gcc/nios2-elf/4.1.2/../../../../nios2-elf/lib/mno-hw-mul\libc.a(lib_a-s_isinfd.o)
 .data          0x020147cc        0x0 c:/altera/13.0/nios2eds/bin/gnu/h-i686-mingw32/bin/../lib/gcc/nios2-elf/4.1.2/../../../../nios2-elf/lib/mno-hw-mul\libc.a(lib_a-s_isnand.o)
 .data          0x020147cc        0x0 c:/altera/13.0/nios2eds/bin/gnu/h-i686-mingw32/bin/../lib/gcc/nios2-elf/4.1.2/../../../../nios2-elf/lib/mno-hw-mul\libc.a(lib_a-sccl.o)
 .data          0x020147cc        0x0 c:/altera/13.0/nios2eds/bin/gnu/h-i686-mingw32/bin/../lib/gcc/nios2-elf/4.1.2/../../../../nios2-elf/lib/mno-hw-mul\libc.a(lib_a-sf_nan.o)
 .data          0x020147cc        0x0 c:/altera/13.0/nios2eds/bin/gnu/h-i686-mingw32/bin/../lib/gcc/nios2-elf/4.1.2/../../../../nios2-elf/lib/mno-hw-mul\libc.a(lib_a-sprintf.o)
 .data          0x020147cc        0x0 c:/altera/13.0/nios2eds/bin/gnu/h-i686-mingw32/bin/../lib/gcc/nios2-elf/4.1.2/../../../../nios2-elf/lib/mno-hw-mul\libc.a(lib_a-strcmp.o)
 .data          0x020147cc       0x28 c:/altera/13.0/nios2eds/bin/gnu/h-i686-mingw32/bin/../lib/gcc/nios2-elf/4.1.2/../../../../nios2-elf/lib/mno-hw-mul\libc.a(lib_a-strtod.o)
 .data          0x020147f4        0x0 c:/altera/13.0/nios2eds/bin/gnu/h-i686-mingw32/bin/../lib/gcc/nios2-elf/4.1.2/../../../../nios2-elf/lib/mno-hw-mul\libc.a(lib_a-strtol.o)
 .data          0x020147f4        0x0 c:/altera/13.0/nios2eds/bin/gnu/h-i686-mingw32/bin/../lib/gcc/nios2-elf/4.1.2/../../../../nios2-elf/lib/mno-hw-mul\libc.a(lib_a-strtoll_r.o)
 .data          0x020147f4        0x0 c:/altera/13.0/nios2eds/bin/gnu/h-i686-mingw32/bin/../lib/gcc/nios2-elf/4.1.2/../../../../nios2-elf/lib/mno-hw-mul\libc.a(lib_a-strtoul.o)
 .data          0x020147f4        0x0 c:/altera/13.0/nios2eds/bin/gnu/h-i686-mingw32/bin/../lib/gcc/nios2-elf/4.1.2/../../../../nios2-elf/lib/mno-hw-mul\libc.a(lib_a-strtoull_r.o)
 .data          0x020147f4        0x0 c:/altera/13.0/nios2eds/bin/gnu/h-i686-mingw32/bin/../lib/gcc/nios2-elf/4.1.2/../../../../nios2-elf/lib/mno-hw-mul\libc.a(lib_a-ungetc.o)
 .data          0x020147f4        0x0 c:/altera/13.0/nios2eds/bin/gnu/h-i686-mingw32/bin/../lib/gcc/nios2-elf/4.1.2/../../../../nios2-elf/lib/mno-hw-mul\libc.a(lib_a-callocr.o)
 .data          0x020147f4        0x0 c:/altera/13.0/nios2eds/bin/gnu/h-i686-mingw32/bin/../lib/gcc/nios2-elf/4.1.2/../../../../nios2-elf/lib/mno-hw-mul\libc.a(lib_a-gdtoa-gethex.o)
 .data          0x020147f4        0x0 c:/altera/13.0/nios2eds/bin/gnu/h-i686-mingw32/bin/../lib/gcc/nios2-elf/4.1.2/../../../../nios2-elf/lib/mno-hw-mul\libc.a(lib_a-gdtoa-hexnan.o)
 .data          0x020147f4        0x0 c:/altera/13.0/nios2eds/bin/gnu/h-i686-mingw32/bin/../lib/gcc/nios2-elf/4.1.2/mno-hw-mul\libgcc.a(_muldi3.o)
 .data          0x020147f4        0x0 c:/altera/13.0/nios2eds/bin/gnu/h-i686-mingw32/bin/../lib/gcc/nios2-elf/4.1.2/mno-hw-mul\libgcc.a(_fixunsdfsi.o)
 .data          0x020147f4        0x0 c:/altera/13.0/nios2eds/bin/gnu/h-i686-mingw32/bin/../lib/gcc/nios2-elf/4.1.2/mno-hw-mul\libgcc.a(_udivdi3.o)
 .data          0x020147f4        0x0 c:/altera/13.0/nios2eds/bin/gnu/h-i686-mingw32/bin/../lib/gcc/nios2-elf/4.1.2/mno-hw-mul\libgcc.a(_umoddi3.o)
 .data          0x020147f4        0x0 c:/altera/13.0/nios2eds/bin/gnu/h-i686-mingw32/bin/../lib/gcc/nios2-elf/4.1.2/mno-hw-mul\libgcc.a(_ne_sf.o)
 .data          0x020147f4        0x0 c:/altera/13.0/nios2eds/bin/gnu/h-i686-mingw32/bin/../lib/gcc/nios2-elf/4.1.2/mno-hw-mul\libgcc.a(_gt_sf.o)
 .data          0x020147f4        0x0 c:/altera/13.0/nios2eds/bin/gnu/h-i686-mingw32/bin/../lib/gcc/nios2-elf/4.1.2/mno-hw-mul\libgcc.a(_lt_sf.o)
 .data          0x020147f4        0x0 c:/altera/13.0/nios2eds/bin/gnu/h-i686-mingw32/bin/../lib/gcc/nios2-elf/4.1.2/mno-hw-mul\libgcc.a(_addsub_df.o)
 .data          0x020147f4        0x0 c:/altera/13.0/nios2eds/bin/gnu/h-i686-mingw32/bin/../lib/gcc/nios2-elf/4.1.2/mno-hw-mul\libgcc.a(_mul_df.o)
 .data          0x020147f4        0x0 c:/altera/13.0/nios2eds/bin/gnu/h-i686-mingw32/bin/../lib/gcc/nios2-elf/4.1.2/mno-hw-mul\libgcc.a(_div_df.o)
 .data          0x020147f4        0x0 c:/altera/13.0/nios2eds/bin/gnu/h-i686-mingw32/bin/../lib/gcc/nios2-elf/4.1.2/mno-hw-mul\libgcc.a(_eq_df.o)
 .data          0x020147f4        0x0 c:/altera/13.0/nios2eds/bin/gnu/h-i686-mingw32/bin/../lib/gcc/nios2-elf/4.1.2/mno-hw-mul\libgcc.a(_ne_df.o)
 .data          0x020147f4        0x0 c:/altera/13.0/nios2eds/bin/gnu/h-i686-mingw32/bin/../lib/gcc/nios2-elf/4.1.2/mno-hw-mul\libgcc.a(_gt_df.o)
 .data          0x020147f4        0x0 c:/altera/13.0/nios2eds/bin/gnu/h-i686-mingw32/bin/../lib/gcc/nios2-elf/4.1.2/mno-hw-mul\libgcc.a(_ge_df.o)
 .data          0x020147f4        0x0 c:/altera/13.0/nios2eds/bin/gnu/h-i686-mingw32/bin/../lib/gcc/nios2-elf/4.1.2/mno-hw-mul\libgcc.a(_lt_df.o)
 .data          0x020147f4        0x0 c:/altera/13.0/nios2eds/bin/gnu/h-i686-mingw32/bin/../lib/gcc/nios2-elf/4.1.2/mno-hw-mul\libgcc.a(_le_df.o)
 .data          0x020147f4        0x0 c:/altera/13.0/nios2eds/bin/gnu/h-i686-mingw32/bin/../lib/gcc/nios2-elf/4.1.2/mno-hw-mul\libgcc.a(_si_to_df.o)
 .data          0x020147f4        0x0 c:/altera/13.0/nios2eds/bin/gnu/h-i686-mingw32/bin/../lib/gcc/nios2-elf/4.1.2/mno-hw-mul\libgcc.a(_df_to_si.o)
 .data          0x020147f4        0x0 c:/altera/13.0/nios2eds/bin/gnu/h-i686-mingw32/bin/../lib/gcc/nios2-elf/4.1.2/mno-hw-mul\libgcc.a(_df_to_sf.o)
 .data          0x020147f4        0x0 c:/altera/13.0/nios2eds/bin/gnu/h-i686-mingw32/bin/../lib/gcc/nios2-elf/4.1.2/mno-hw-mul\libgcc.a(_thenan_df.o)
 .data          0x020147f4        0x0 c:/altera/13.0/nios2eds/bin/gnu/h-i686-mingw32/bin/../lib/gcc/nios2-elf/4.1.2/mno-hw-mul\libgcc.a(_usi_to_df.o)
 .data          0x020147f4        0x0 c:/altera/13.0/nios2eds/bin/gnu/h-i686-mingw32/bin/../lib/gcc/nios2-elf/4.1.2/mno-hw-mul\libgcc.a(lib2-divmod.o)
 .data          0x020147f4        0x0 c:/altera/13.0/nios2eds/bin/gnu/h-i686-mingw32/bin/../lib/gcc/nios2-elf/4.1.2/mno-hw-mul\libgcc.a(_clz.o)
 .data          0x020147f4        0x0 c:/altera/13.0/nios2eds/bin/gnu/h-i686-mingw32/bin/../lib/gcc/nios2-elf/4.1.2/mno-hw-mul\libgcc.a(_clzsi2.o)
 .data          0x020147f4        0x0 c:/altera/13.0/nios2eds/bin/gnu/h-i686-mingw32/bin/../lib/gcc/nios2-elf/4.1.2/mno-hw-mul\libgcc.a(_unpack_sf.o)
 .data          0x020147f4        0x0 c:/altera/13.0/nios2eds/bin/gnu/h-i686-mingw32/bin/../lib/gcc/nios2-elf/4.1.2/mno-hw-mul\libgcc.a(_fpcmp_parts_sf.o)
 .data          0x020147f4        0x0 c:/altera/13.0/nios2eds/bin/gnu/h-i686-mingw32/bin/../lib/gcc/nios2-elf/4.1.2/mno-hw-mul\libgcc.a(_make_sf.o)
 .data          0x020147f4        0x0 c:/altera/13.0/nios2eds/bin/gnu/h-i686-mingw32/bin/../lib/gcc/nios2-elf/4.1.2/mno-hw-mul\libgcc.a(_pack_df.o)
 .data          0x020147f4        0x0 c:/altera/13.0/nios2eds/bin/gnu/h-i686-mingw32/bin/../lib/gcc/nios2-elf/4.1.2/mno-hw-mul\libgcc.a(_unpack_df.o)
 .data          0x020147f4        0x0 c:/altera/13.0/nios2eds/bin/gnu/h-i686-mingw32/bin/../lib/gcc/nios2-elf/4.1.2/mno-hw-mul\libgcc.a(_fpcmp_parts_df.o)
 .data          0x020147f4        0x0 c:/altera/13.0/nios2eds/bin/gnu/h-i686-mingw32/bin/../lib/gcc/nios2-elf/4.1.2/mno-hw-mul\libgcc.a(_pack_sf.o)
 .data          0x020147f4        0x0 ../first_app_bsp/\libhal_bsp.a(alt_close.o)
 .data          0x020147f4      0x1a8 ../first_app_bsp/\libhal_bsp.a(alt_dev.o)
                0x020147f4                alt_dev_null
                0x0201481c                alt_fd_list
 .data          0x0201499c        0x0 ../first_app_bsp/\libhal_bsp.a(alt_errno.o)
 .data          0x0201499c        0x0 ../first_app_bsp/\libhal_bsp.a(alt_fstat.o)
 .data          0x0201499c        0x0 ../first_app_bsp/\libhal_bsp.a(alt_isatty.o)
 .data          0x0201499c        0x0 ../first_app_bsp/\libhal_bsp.a(alt_load.o)
 .data          0x0201499c        0x0 ../first_app_bsp/\libhal_bsp.a(alt_lseek.o)
 .data          0x0201499c        0x0 ../first_app_bsp/\libhal_bsp.a(alt_main.o)
 .data          0x0201499c        0x0 ../first_app_bsp/\libhal_bsp.a(alt_malloc_lock.o)
 .data          0x0201499c        0x0 ../first_app_bsp/\libhal_bsp.a(alt_open.o)
 .data          0x0201499c        0x0 ../first_app_bsp/\libhal_bsp.a(alt_read.o)
 .data          0x0201499c        0x0 ../first_app_bsp/\libhal_bsp.a(alt_release_fd.o)
 .data          0x0201499c        0x0 ../first_app_bsp/\libhal_bsp.a(alt_sbrk.o)
 .data          0x0201499c        0x0 ../first_app_bsp/\libhal_bsp.a(alt_write.o)
 .data          0x0201499c     0x1088 ../first_app_bsp/\libhal_bsp.a(alt_sys_init.o)
 .data          0x02015a24        0x0 ../first_app_bsp/\libhal_bsp.a(altera_avalon_jtag_uart_fd.o)
 .data          0x02015a24        0x0 ../first_app_bsp/\libhal_bsp.a(altera_avalon_jtag_uart_init.o)
 .data          0x02015a24        0x0 ../first_app_bsp/\libhal_bsp.a(altera_avalon_jtag_uart_ioctl.o)
 .data          0x02015a24        0x0 ../first_app_bsp/\libhal_bsp.a(altera_avalon_jtag_uart_read.o)
 .data          0x02015a24        0x0 ../first_app_bsp/\libhal_bsp.a(altera_avalon_jtag_uart_write.o)
 .data          0x02015a24        0x0 ../first_app_bsp/\libhal_bsp.a(altera_avalon_performance_counter.o)
 .data          0x02015a24        0x0 ../first_app_bsp/\libhal_bsp.a(altera_hostfs.o)
 .data          0x02015a24        0x0 ../first_app_bsp/\libhal_bsp.a(perf_print_formatted_report.o)
 .data          0x02015a24        0x0 ../first_app_bsp/\libhal_bsp.a(alt_alarm_start.o)
 .data          0x02015a24        0x0 ../first_app_bsp/\libhal_bsp.a(alt_dcache_flush_all.o)
 .data          0x02015a24        0x0 ../first_app_bsp/\libhal_bsp.a(alt_dev_llist_insert.o)
 .data          0x02015a24        0x0 ../first_app_bsp/\libhal_bsp.a(alt_do_ctors.o)
 .data          0x02015a24        0x0 ../first_app_bsp/\libhal_bsp.a(alt_do_dtors.o)
 .data          0x02015a24        0x0 ../first_app_bsp/\libhal_bsp.a(alt_find_dev.o)
 .data          0x02015a24        0x0 ../first_app_bsp/\libhal_bsp.a(alt_find_file.o)
 .data          0x02015a24        0x0 ../first_app_bsp/\libhal_bsp.a(alt_fs_reg.o)
 .data          0x02015a24        0x0 ../first_app_bsp/\libhal_bsp.a(alt_get_fd.o)
 .data          0x02015a24        0x0 ../first_app_bsp/\libhal_bsp.a(alt_icache_flush_all.o)
 .data          0x02015a24        0x0 ../first_app_bsp/\libhal_bsp.a(alt_iic.o)
 .data          0x02015a24        0x0 ../first_app_bsp/\libhal_bsp.a(alt_iic_isr_register.o)
 .data          0x02015a24        0x0 ../first_app_bsp/\libhal_bsp.a(alt_io_redirect.o)
 .data          0x02015a24        0x0 ../first_app_bsp/\libhal_bsp.a(alt_irq_entry.o)
 .data          0x02015a24        0x0 ../first_app_bsp/\libhal_bsp.a(alt_irq_handler.o)
 .data          0x02015a24        0x0 ../first_app_bsp/\libhal_bsp.a(alt_irq_vars.o)
 .data          0x02015a24        0x0 ../first_app_bsp/\libhal_bsp.a(alt_tick.o)
 .data          0x02015a24        0x0 ../first_app_bsp/\libhal_bsp.a(altera_nios2_qsys_irq.o)
 .data          0x02015a24        0x0 ../first_app_bsp/\libhal_bsp.a(alt_exception_entry.o)
 .data          0x02015a24        0x0 c:/altera/13.0/nios2eds/bin/gnu/h-i686-mingw32/bin/../lib/gcc/nios2-elf/4.1.2/../../../../nios2-elf/lib/mno-hw-mul\libc.a(lib_a-atexit.o)
 .data          0x02015a24        0x0 c:/altera/13.0/nios2eds/bin/gnu/h-i686-mingw32/bin/../lib/gcc/nios2-elf/4.1.2/../../../../nios2-elf/lib/mno-hw-mul\libc.a(lib_a-exit.o)
 .data          0x02015a24        0x0 c:/altera/13.0/nios2eds/bin/gnu/h-i686-mingw32/bin/../lib/gcc/nios2-elf/4.1.2/../../../../nios2-elf/lib/mno-hw-mul\libc.a(lib_a-memcmp.o)
 .data          0x02015a24        0x0 c:/altera/13.0/nios2eds/bin/gnu/h-i686-mingw32/bin/../lib/gcc/nios2-elf/4.1.2/../../../../nios2-elf/lib/mno-hw-mul\libc.a(lib_a-__atexit.o)
 .data          0x02015a24        0x0 c:/altera/13.0/nios2eds/bin/gnu/h-i686-mingw32/bin/../lib/gcc/nios2-elf/4.1.2/../../../../nios2-elf/lib/mno-hw-mul\libc.a(lib_a-__call_atexit.o)
 .data          0x02015a24        0x0 c:/altera/13.0/nios2eds/bin/gnu/h-i686-mingw32/bin/../lib/gcc/nios2-elf/4.1.2/mno-hw-mul\libgcc.a(_floatundidf.o)
 .data          0x02015a24        0x0 ../first_app_bsp/\libhal_bsp.a(alt_exit.o)
                0x0201da24                _gp = ABSOLUTE ((. + 0x8000))
                0x0201da24                PROVIDE (gp, _gp)
 *(.rwdata .rwdata.*)
 *(.sdata .sdata.* .gnu.linkonce.s.*)
 .sdata         0x02015a24        0x8 c:/altera/13.0/nios2eds/bin/gnu/h-i686-mingw32/bin/../lib/gcc/nios2-elf/4.1.2/../../../../nios2-elf/lib/mno-hw-mul\libc.a(lib_a-impure.o)
                0x02015a24                _impure_ptr
                0x02015a28                _global_impure_ptr
 .sdata         0x02015a2c        0x8 c:/altera/13.0/nios2eds/bin/gnu/h-i686-mingw32/bin/../lib/gcc/nios2-elf/4.1.2/../../../../nios2-elf/lib/mno-hw-mul\libc.a(lib_a-mallocr.o)
                0x02015a2c                __malloc_trim_threshold
                0x02015a30                __malloc_sbrk_base
 .sdata         0x02015a34        0x4 c:/altera/13.0/nios2eds/bin/gnu/h-i686-mingw32/bin/../lib/gcc/nios2-elf/4.1.2/../../../../nios2-elf/lib/mno-hw-mul\libc.a(lib_a-ctype_.o)
                0x02015a34                __ctype_ptr
 .sdata         0x02015a38        0x8 c:/altera/13.0/nios2eds/bin/gnu/h-i686-mingw32/bin/../lib/gcc/nios2-elf/4.1.2/../../../../nios2-elf/lib/mno-hw-mul\libc.a(lib_a-locale.o)
                0x02015a38                __mb_cur_max
 .sdata         0x02015a40       0x14 ../first_app_bsp/\libhal_bsp.a(alt_dev.o)
                0x02015a40                alt_fs_list
                0x02015a48                alt_dev_list
                0x02015a50                alt_max_fd
 .sdata         0x02015a54        0x4 ../first_app_bsp/\libhal_bsp.a(alt_errno.o)
                0x02015a54                alt_errno
 .sdata         0x02015a58        0x4 ../first_app_bsp/\libhal_bsp.a(alt_sbrk.o)
 .sdata         0x02015a5c       0x48 ../first_app_bsp/\libhal_bsp.a(altera_hostfs.o)
 .sdata         0x02015aa4        0x4 ../first_app_bsp/\libhal_bsp.a(alt_irq_vars.o)
                0x02015aa4                alt_priority_mask
 .sdata         0x02015aa8        0x8 ../first_app_bsp/\libhal_bsp.a(alt_tick.o)
                0x02015aa8                alt_alarm_list
 *(.sdata2 .sdata2.* .gnu.linkonce.s2.*)
                0x02015ab0                . = ALIGN (0x4)
                0x02015ab0                _edata = ABSOLUTE (.)
                0x02015ab0                PROVIDE (edata, ABSOLUTE (.))
                0x02015ab0                PROVIDE (__ram_rwdata_end, ABSOLUTE (.))
                0x02015ab0                PROVIDE (__flash_rwdata_start, LOADADDR (.rwdata))

.bss            0x020175a8      0x3ec
                0x020175a8                __bss_start = ABSOLUTE (.)
                0x020175a8                PROVIDE (__sbss_start, ABSOLUTE (.))
                0x020175a8                PROVIDE (___sbss_start, ABSOLUTE (.))
 *(.dynsbss)
 *(.sbss .sbss.* .gnu.linkonce.sb.*)
 .sbss          0x020175a8        0x4 c:/altera/13.0/nios2eds/bin/gnu/h-i686-mingw32/bin/../lib/gcc/nios2-elf/4.1.2/../../../../nios2-elf/lib/mno-hw-mul\libc.a(lib_a-int_errno.o)
                0x020175a8                errno
 .sbss          0x020175ac        0xc c:/altera/13.0/nios2eds/bin/gnu/h-i686-mingw32/bin/../lib/gcc/nios2-elf/4.1.2/../../../../nios2-elf/lib/mno-hw-mul\libc.a(lib_a-mallocr.o)
                0x020175ac                __malloc_top_pad
                0x020175b0                __malloc_max_sbrked_mem
                0x020175b4                __malloc_max_total_mem
 .sbss          0x020175b8        0xc c:/altera/13.0/nios2eds/bin/gnu/h-i686-mingw32/bin/../lib/gcc/nios2-elf/4.1.2/../../../../nios2-elf/lib/mno-hw-mul\libc.a(lib_a-locale.o)
                0x020175b8                __nlocale_changed
                0x020175bc                __mlocale_changed
                0x020175c0                _PathLocale
 .sbss          0x020175c4        0xc ../first_app_bsp/\libhal_bsp.a(alt_main.o)
                0x020175c4                alt_argc
                0x020175c8                alt_argv
                0x020175cc                alt_envp
 .sbss          0x020175d0        0x4 ../first_app_bsp/\libhal_bsp.a(alt_irq_vars.o)
                0x020175d0                alt_irq_active
 .sbss          0x020175d4        0x8 ../first_app_bsp/\libhal_bsp.a(alt_tick.o)
                0x020175d4                _alt_tick_rate
                0x020175d8                _alt_nticks
 *(.sbss2 .sbss2.* .gnu.linkonce.sb2.*)
 *(.scommon)
                0x020175dc                PROVIDE (__sbss_end, ABSOLUTE (.))
                0x020175dc                PROVIDE (___sbss_end, ABSOLUTE (.))
 *(.dynbss)
 *(.bss .bss.* .gnu.linkonce.b.*)
 .bss           0x020175dc        0x0 ../first_app_bsp//obj/HAL/src/crt0.o
 .bss           0x020175dc        0x0 obj/default/main.o
 .bss           0x020175dc        0x0 c:/altera/13.0/nios2eds/bin/gnu/h-i686-mingw32/bin/../lib/gcc/nios2-elf/4.1.2/mno-hw-mul\libgcc.a(lib2-mul.o)
 .bss           0x020175dc        0x0 c:/altera/13.0/nios2eds/bin/gnu/h-i686-mingw32/bin/../lib/gcc/nios2-elf/4.1.2/../../../../nios2-elf/lib/mno-hw-mul\libc.a(lib_a-fclose.o)
 .bss           0x020175dc        0x0 c:/altera/13.0/nios2eds/bin/gnu/h-i686-mingw32/bin/../lib/gcc/nios2-elf/4.1.2/../../../../nios2-elf/lib/mno-hw-mul\libc.a(lib_a-fflush.o)
 .bss           0x020175dc        0x0 c:/altera/13.0/nios2eds/bin/gnu/h-i686-mingw32/bin/../lib/gcc/nios2-elf/4.1.2/../../../../nios2-elf/lib/mno-hw-mul\libc.a(lib_a-findfp.o)
 .bss           0x020175dc        0x0 c:/altera/13.0/nios2eds/bin/gnu/h-i686-mingw32/bin/../lib/gcc/nios2-elf/4.1.2/../../../../nios2-elf/lib/mno-hw-mul\libc.a(lib_a-fopen.o)
 .bss           0x020175dc        0x0 c:/altera/13.0/nios2eds/bin/gnu/h-i686-mingw32/bin/../lib/gcc/nios2-elf/4.1.2/../../../../nios2-elf/lib/mno-hw-mul\libc.a(lib_a-fread.o)
 .bss           0x020175dc        0x0 c:/altera/13.0/nios2eds/bin/gnu/h-i686-mingw32/bin/../lib/gcc/nios2-elf/4.1.2/../../../../nios2-elf/lib/mno-hw-mul\libc.a(lib_a-freer.o)
 .bss           0x020175dc        0x0 c:/altera/13.0/nios2eds/bin/gnu/h-i686-mingw32/bin/../lib/gcc/nios2-elf/4.1.2/../../../../nios2-elf/lib/mno-hw-mul\libc.a(lib_a-fseek.o)
 .bss           0x020175dc        0x0 c:/altera/13.0/nios2eds/bin/gnu/h-i686-mingw32/bin/../lib/gcc/nios2-elf/4.1.2/../../../../nios2-elf/lib/mno-hw-mul\libc.a(lib_a-fstatr.o)
 .bss           0x020175dc        0x0 c:/altera/13.0/nios2eds/bin/gnu/h-i686-mingw32/bin/../lib/gcc/nios2-elf/4.1.2/../../../../nios2-elf/lib/mno-hw-mul\libc.a(lib_a-fwalk.o)
 .bss           0x020175dc        0x0 c:/altera/13.0/nios2eds/bin/gnu/h-i686-mingw32/bin/../lib/gcc/nios2-elf/4.1.2/../../../../nios2-elf/lib/mno-hw-mul\libc.a(lib_a-fwrite.o)
 .bss           0x020175dc        0x0 c:/altera/13.0/nios2eds/bin/gnu/h-i686-mingw32/bin/../lib/gcc/nios2-elf/4.1.2/../../../../nios2-elf/lib/mno-hw-mul\libc.a(lib_a-impure.o)
 .bss           0x020175dc        0x0 c:/altera/13.0/nios2eds/bin/gnu/h-i686-mingw32/bin/../lib/gcc/nios2-elf/4.1.2/../../../../nios2-elf/lib/mno-hw-mul\libc.a(lib_a-int_errno.o)
 .bss           0x020175dc        0x0 c:/altera/13.0/nios2eds/bin/gnu/h-i686-mingw32/bin/../lib/gcc/nios2-elf/4.1.2/../../../../nios2-elf/lib/mno-hw-mul\libc.a(lib_a-makebuf.o)
 .bss           0x020175dc        0x0 c:/altera/13.0/nios2eds/bin/gnu/h-i686-mingw32/bin/../lib/gcc/nios2-elf/4.1.2/../../../../nios2-elf/lib/mno-hw-mul\libc.a(lib_a-malloc.o)
 .bss           0x020175dc       0x28 c:/altera/13.0/nios2eds/bin/gnu/h-i686-mingw32/bin/../lib/gcc/nios2-elf/4.1.2/../../../../nios2-elf/lib/mno-hw-mul\libc.a(lib_a-mallocr.o)
                0x020175dc                __malloc_current_mallinfo
 .bss           0x02017604        0x0 c:/altera/13.0/nios2eds/bin/gnu/h-i686-mingw32/bin/../lib/gcc/nios2-elf/4.1.2/../../../../nios2-elf/lib/mno-hw-mul\libc.a(lib_a-memcpy.o)
 .bss           0x02017604        0x0 c:/altera/13.0/nios2eds/bin/gnu/h-i686-mingw32/bin/../lib/gcc/nios2-elf/4.1.2/../../../../nios2-elf/lib/mno-hw-mul\libc.a(lib_a-memset.o)
 .bss           0x02017604        0x0 c:/altera/13.0/nios2eds/bin/gnu/h-i686-mingw32/bin/../lib/gcc/nios2-elf/4.1.2/../../../../nios2-elf/lib/mno-hw-mul\libc.a(lib_a-openr.o)
 .bss           0x02017604        0x0 c:/altera/13.0/nios2eds/bin/gnu/h-i686-mingw32/bin/../lib/gcc/nios2-elf/4.1.2/../../../../nios2-elf/lib/mno-hw-mul\libc.a(lib_a-printf.o)
 .bss           0x02017604        0x0 c:/altera/13.0/nios2eds/bin/gnu/h-i686-mingw32/bin/../lib/gcc/nios2-elf/4.1.2/../../../../nios2-elf/lib/mno-hw-mul\libc.a(lib_a-puts.o)
 .bss           0x02017604        0x0 c:/altera/13.0/nios2eds/bin/gnu/h-i686-mingw32/bin/../lib/gcc/nios2-elf/4.1.2/../../../../nios2-elf/lib/mno-hw-mul\libc.a(lib_a-refill.o)
 .bss           0x02017604        0x0 c:/altera/13.0/nios2eds/bin/gnu/h-i686-mingw32/bin/../lib/gcc/nios2-elf/4.1.2/../../../../nios2-elf/lib/mno-hw-mul\libc.a(lib_a-sbrkr.o)
 .bss           0x02017604        0x0 c:/altera/13.0/nios2eds/bin/gnu/h-i686-mingw32/bin/../lib/gcc/nios2-elf/4.1.2/../../../../nios2-elf/lib/mno-hw-mul\libc.a(lib_a-scanf.o)
 .bss           0x02017604        0x0 c:/altera/13.0/nios2eds/bin/gnu/h-i686-mingw32/bin/../lib/gcc/nios2-elf/4.1.2/../../../../nios2-elf/lib/mno-hw-mul\libc.a(lib_a-stdio.o)
 .bss           0x02017604        0x0 c:/altera/13.0/nios2eds/bin/gnu/h-i686-mingw32/bin/../lib/gcc/nios2-elf/4.1.2/../../../../nios2-elf/lib/mno-hw-mul\libc.a(lib_a-strcat.o)
 .bss           0x02017604        0x0 c:/altera/13.0/nios2eds/bin/gnu/h-i686-mingw32/bin/../lib/gcc/nios2-elf/4.1.2/../../../../nios2-elf/lib/mno-hw-mul\libc.a(lib_a-strcpy.o)
 .bss           0x02017604        0x0 c:/altera/13.0/nios2eds/bin/gnu/h-i686-mingw32/bin/../lib/gcc/nios2-elf/4.1.2/../../../../nios2-elf/lib/mno-hw-mul\libc.a(lib_a-strlen.o)
 .bss           0x02017604        0x0 c:/altera/13.0/nios2eds/bin/gnu/h-i686-mingw32/bin/../lib/gcc/nios2-elf/4.1.2/../../../../nios2-elf/lib/mno-hw-mul\libc.a(lib_a-vfprintf.o)
 .bss           0x02017604        0x0 c:/altera/13.0/nios2eds/bin/gnu/h-i686-mingw32/bin/../lib/gcc/nios2-elf/4.1.2/../../../../nios2-elf/lib/mno-hw-mul\libc.a(lib_a-vfscanf.o)
 .bss           0x02017604        0x0 c:/altera/13.0/nios2eds/bin/gnu/h-i686-mingw32/bin/../lib/gcc/nios2-elf/4.1.2/../../../../nios2-elf/lib/mno-hw-mul\libc.a(lib_a-writer.o)
 .bss           0x02017604        0x0 c:/altera/13.0/nios2eds/bin/gnu/h-i686-mingw32/bin/../lib/gcc/nios2-elf/4.1.2/../../../../nios2-elf/lib/mno-hw-mul\libc.a(lib_a-wsetup.o)
 .bss           0x02017604        0x0 c:/altera/13.0/nios2eds/bin/gnu/h-i686-mingw32/bin/../lib/gcc/nios2-elf/4.1.2/../../../../nios2-elf/lib/mno-hw-mul\libc.a(lib_a-closer.o)
 .bss           0x02017604        0x0 c:/altera/13.0/nios2eds/bin/gnu/h-i686-mingw32/bin/../lib/gcc/nios2-elf/4.1.2/../../../../nios2-elf/lib/mno-hw-mul\libc.a(lib_a-ctype_.o)
 .bss           0x02017604        0x0 c:/altera/13.0/nios2eds/bin/gnu/h-i686-mingw32/bin/../lib/gcc/nios2-elf/4.1.2/../../../../nios2-elf/lib/mno-hw-mul\libc.a(lib_a-dtoa.o)
 .bss           0x02017604        0x0 c:/altera/13.0/nios2eds/bin/gnu/h-i686-mingw32/bin/../lib/gcc/nios2-elf/4.1.2/../../../../nios2-elf/lib/mno-hw-mul\libc.a(lib_a-flags.o)
 .bss           0x02017604        0x0 c:/altera/13.0/nios2eds/bin/gnu/h-i686-mingw32/bin/../lib/gcc/nios2-elf/4.1.2/../../../../nios2-elf/lib/mno-hw-mul\libc.a(lib_a-fvwrite.o)
 .bss           0x02017604        0x0 c:/altera/13.0/nios2eds/bin/gnu/h-i686-mingw32/bin/../lib/gcc/nios2-elf/4.1.2/../../../../nios2-elf/lib/mno-hw-mul\libc.a(lib_a-isattyr.o)
 .bss           0x02017604        0x0 c:/altera/13.0/nios2eds/bin/gnu/h-i686-mingw32/bin/../lib/gcc/nios2-elf/4.1.2/../../../../nios2-elf/lib/mno-hw-mul\libc.a(lib_a-iswspace.o)
 .bss           0x02017604        0x0 c:/altera/13.0/nios2eds/bin/gnu/h-i686-mingw32/bin/../lib/gcc/nios2-elf/4.1.2/../../../../nios2-elf/lib/mno-hw-mul\libc.a(lib_a-locale.o)
 .bss           0x02017604        0x0 c:/altera/13.0/nios2eds/bin/gnu/h-i686-mingw32/bin/../lib/gcc/nios2-elf/4.1.2/../../../../nios2-elf/lib/mno-hw-mul\libc.a(lib_a-lseekr.o)
 .bss           0x02017604        0x0 c:/altera/13.0/nios2eds/bin/gnu/h-i686-mingw32/bin/../lib/gcc/nios2-elf/4.1.2/../../../../nios2-elf/lib/mno-hw-mul\libc.a(lib_a-mbrtowc.o)
 .bss           0x02017604        0x0 c:/altera/13.0/nios2eds/bin/gnu/h-i686-mingw32/bin/../lib/gcc/nios2-elf/4.1.2/../../../../nios2-elf/lib/mno-hw-mul\libc.a(lib_a-mbtowc_r.o)
 .bss           0x02017604        0x0 c:/altera/13.0/nios2eds/bin/gnu/h-i686-mingw32/bin/../lib/gcc/nios2-elf/4.1.2/../../../../nios2-elf/lib/mno-hw-mul\libc.a(lib_a-memchr.o)
 .bss           0x02017604        0x0 c:/altera/13.0/nios2eds/bin/gnu/h-i686-mingw32/bin/../lib/gcc/nios2-elf/4.1.2/../../../../nios2-elf/lib/mno-hw-mul\libc.a(lib_a-memmove.o)
 .bss           0x02017604        0x0 c:/altera/13.0/nios2eds/bin/gnu/h-i686-mingw32/bin/../lib/gcc/nios2-elf/4.1.2/../../../../nios2-elf/lib/mno-hw-mul\libc.a(lib_a-mprec.o)
 .bss           0x02017604        0x0 c:/altera/13.0/nios2eds/bin/gnu/h-i686-mingw32/bin/../lib/gcc/nios2-elf/4.1.2/../../../../nios2-elf/lib/mno-hw-mul\libc.a(lib_a-readr.o)
 .bss           0x02017604        0x0 c:/altera/13.0/nios2eds/bin/gnu/h-i686-mingw32/bin/../lib/gcc/nios2-elf/4.1.2/../../../../nios2-elf/lib/mno-hw-mul\libc.a(lib_a-reallocr.o)
 .bss           0x02017604        0x0 c:/altera/13.0/nios2eds/bin/gnu/h-i686-mingw32/bin/../lib/gcc/nios2-elf/4.1.2/../../../../nios2-elf/lib/mno-hw-mul\libc.a(lib_a-s_isinfd.o)
 .bss           0x02017604        0x0 c:/altera/13.0/nios2eds/bin/gnu/h-i686-mingw32/bin/../lib/gcc/nios2-elf/4.1.2/../../../../nios2-elf/lib/mno-hw-mul\libc.a(lib_a-s_isnand.o)
 .bss           0x02017604        0x0 c:/altera/13.0/nios2eds/bin/gnu/h-i686-mingw32/bin/../lib/gcc/nios2-elf/4.1.2/../../../../nios2-elf/lib/mno-hw-mul\libc.a(lib_a-sccl.o)
 .bss           0x02017604        0x0 c:/altera/13.0/nios2eds/bin/gnu/h-i686-mingw32/bin/../lib/gcc/nios2-elf/4.1.2/../../../../nios2-elf/lib/mno-hw-mul\libc.a(lib_a-sf_nan.o)
 .bss           0x02017604        0x0 c:/altera/13.0/nios2eds/bin/gnu/h-i686-mingw32/bin/../lib/gcc/nios2-elf/4.1.2/../../../../nios2-elf/lib/mno-hw-mul\libc.a(lib_a-sprintf.o)
 .bss           0x02017604        0x0 c:/altera/13.0/nios2eds/bin/gnu/h-i686-mingw32/bin/../lib/gcc/nios2-elf/4.1.2/../../../../nios2-elf/lib/mno-hw-mul\libc.a(lib_a-strcmp.o)
 .bss           0x02017604        0x0 c:/altera/13.0/nios2eds/bin/gnu/h-i686-mingw32/bin/../lib/gcc/nios2-elf/4.1.2/../../../../nios2-elf/lib/mno-hw-mul\libc.a(lib_a-strtod.o)
 .bss           0x02017604        0x0 c:/altera/13.0/nios2eds/bin/gnu/h-i686-mingw32/bin/../lib/gcc/nios2-elf/4.1.2/../../../../nios2-elf/lib/mno-hw-mul\libc.a(lib_a-strtol.o)
 .bss           0x02017604        0x0 c:/altera/13.0/nios2eds/bin/gnu/h-i686-mingw32/bin/../lib/gcc/nios2-elf/4.1.2/../../../../nios2-elf/lib/mno-hw-mul\libc.a(lib_a-strtoll_r.o)
 .bss           0x02017604        0x0 c:/altera/13.0/nios2eds/bin/gnu/h-i686-mingw32/bin/../lib/gcc/nios2-elf/4.1.2/../../../../nios2-elf/lib/mno-hw-mul\libc.a(lib_a-strtoul.o)
 .bss           0x02017604        0x0 c:/altera/13.0/nios2eds/bin/gnu/h-i686-mingw32/bin/../lib/gcc/nios2-elf/4.1.2/../../../../nios2-elf/lib/mno-hw-mul\libc.a(lib_a-strtoull_r.o)
 .bss           0x02017604        0x0 c:/altera/13.0/nios2eds/bin/gnu/h-i686-mingw32/bin/../lib/gcc/nios2-elf/4.1.2/../../../../nios2-elf/lib/mno-hw-mul\libc.a(lib_a-ungetc.o)
 .bss           0x02017604        0x0 c:/altera/13.0/nios2eds/bin/gnu/h-i686-mingw32/bin/../lib/gcc/nios2-elf/4.1.2/../../../../nios2-elf/lib/mno-hw-mul\libc.a(lib_a-callocr.o)
 .bss           0x02017604        0x0 c:/altera/13.0/nios2eds/bin/gnu/h-i686-mingw32/bin/../lib/gcc/nios2-elf/4.1.2/../../../../nios2-elf/lib/mno-hw-mul\libc.a(lib_a-gdtoa-gethex.o)
 .bss           0x02017604        0x0 c:/altera/13.0/nios2eds/bin/gnu/h-i686-mingw32/bin/../lib/gcc/nios2-elf/4.1.2/../../../../nios2-elf/lib/mno-hw-mul\libc.a(lib_a-gdtoa-hexnan.o)
 .bss           0x02017604        0x0 c:/altera/13.0/nios2eds/bin/gnu/h-i686-mingw32/bin/../lib/gcc/nios2-elf/4.1.2/mno-hw-mul\libgcc.a(_muldi3.o)
 .bss           0x02017604        0x0 c:/altera/13.0/nios2eds/bin/gnu/h-i686-mingw32/bin/../lib/gcc/nios2-elf/4.1.2/mno-hw-mul\libgcc.a(_fixunsdfsi.o)
 .bss           0x02017604        0x0 c:/altera/13.0/nios2eds/bin/gnu/h-i686-mingw32/bin/../lib/gcc/nios2-elf/4.1.2/mno-hw-mul\libgcc.a(_udivdi3.o)
 .bss           0x02017604        0x0 c:/altera/13.0/nios2eds/bin/gnu/h-i686-mingw32/bin/../lib/gcc/nios2-elf/4.1.2/mno-hw-mul\libgcc.a(_umoddi3.o)
 .bss           0x02017604        0x0 c:/altera/13.0/nios2eds/bin/gnu/h-i686-mingw32/bin/../lib/gcc/nios2-elf/4.1.2/mno-hw-mul\libgcc.a(_ne_sf.o)
 .bss           0x02017604        0x0 c:/altera/13.0/nios2eds/bin/gnu/h-i686-mingw32/bin/../lib/gcc/nios2-elf/4.1.2/mno-hw-mul\libgcc.a(_gt_sf.o)
 .bss           0x02017604        0x0 c:/altera/13.0/nios2eds/bin/gnu/h-i686-mingw32/bin/../lib/gcc/nios2-elf/4.1.2/mno-hw-mul\libgcc.a(_lt_sf.o)
 .bss           0x02017604        0x0 c:/altera/13.0/nios2eds/bin/gnu/h-i686-mingw32/bin/../lib/gcc/nios2-elf/4.1.2/mno-hw-mul\libgcc.a(_addsub_df.o)
 .bss           0x02017604        0x0 c:/altera/13.0/nios2eds/bin/gnu/h-i686-mingw32/bin/../lib/gcc/nios2-elf/4.1.2/mno-hw-mul\libgcc.a(_mul_df.o)
 .bss           0x02017604        0x0 c:/altera/13.0/nios2eds/bin/gnu/h-i686-mingw32/bin/../lib/gcc/nios2-elf/4.1.2/mno-hw-mul\libgcc.a(_div_df.o)
 .bss           0x02017604        0x0 c:/altera/13.0/nios2eds/bin/gnu/h-i686-mingw32/bin/../lib/gcc/nios2-elf/4.1.2/mno-hw-mul\libgcc.a(_eq_df.o)
 .bss           0x02017604        0x0 c:/altera/13.0/nios2eds/bin/gnu/h-i686-mingw32/bin/../lib/gcc/nios2-elf/4.1.2/mno-hw-mul\libgcc.a(_ne_df.o)
 .bss           0x02017604        0x0 c:/altera/13.0/nios2eds/bin/gnu/h-i686-mingw32/bin/../lib/gcc/nios2-elf/4.1.2/mno-hw-mul\libgcc.a(_gt_df.o)
 .bss           0x02017604        0x0 c:/altera/13.0/nios2eds/bin/gnu/h-i686-mingw32/bin/../lib/gcc/nios2-elf/4.1.2/mno-hw-mul\libgcc.a(_ge_df.o)
 .bss           0x02017604        0x0 c:/altera/13.0/nios2eds/bin/gnu/h-i686-mingw32/bin/../lib/gcc/nios2-elf/4.1.2/mno-hw-mul\libgcc.a(_lt_df.o)
 .bss           0x02017604        0x0 c:/altera/13.0/nios2eds/bin/gnu/h-i686-mingw32/bin/../lib/gcc/nios2-elf/4.1.2/mno-hw-mul\libgcc.a(_le_df.o)
 .bss           0x02017604        0x0 c:/altera/13.0/nios2eds/bin/gnu/h-i686-mingw32/bin/../lib/gcc/nios2-elf/4.1.2/mno-hw-mul\libgcc.a(_si_to_df.o)
 .bss           0x02017604        0x0 c:/altera/13.0/nios2eds/bin/gnu/h-i686-mingw32/bin/../lib/gcc/nios2-elf/4.1.2/mno-hw-mul\libgcc.a(_df_to_si.o)
 .bss           0x02017604        0x0 c:/altera/13.0/nios2eds/bin/gnu/h-i686-mingw32/bin/../lib/gcc/nios2-elf/4.1.2/mno-hw-mul\libgcc.a(_df_to_sf.o)
 .bss           0x02017604        0x0 c:/altera/13.0/nios2eds/bin/gnu/h-i686-mingw32/bin/../lib/gcc/nios2-elf/4.1.2/mno-hw-mul\libgcc.a(_thenan_df.o)
 .bss           0x02017604        0x0 c:/altera/13.0/nios2eds/bin/gnu/h-i686-mingw32/bin/../lib/gcc/nios2-elf/4.1.2/mno-hw-mul\libgcc.a(_usi_to_df.o)
 .bss           0x02017604        0x0 c:/altera/13.0/nios2eds/bin/gnu/h-i686-mingw32/bin/../lib/gcc/nios2-elf/4.1.2/mno-hw-mul\libgcc.a(lib2-divmod.o)
 .bss           0x02017604        0x0 c:/altera/13.0/nios2eds/bin/gnu/h-i686-mingw32/bin/../lib/gcc/nios2-elf/4.1.2/mno-hw-mul\libgcc.a(_clz.o)
 .bss           0x02017604        0x0 c:/altera/13.0/nios2eds/bin/gnu/h-i686-mingw32/bin/../lib/gcc/nios2-elf/4.1.2/mno-hw-mul\libgcc.a(_clzsi2.o)
 .bss           0x02017604        0x0 c:/altera/13.0/nios2eds/bin/gnu/h-i686-mingw32/bin/../lib/gcc/nios2-elf/4.1.2/mno-hw-mul\libgcc.a(_unpack_sf.o)
 .bss           0x02017604        0x0 c:/altera/13.0/nios2eds/bin/gnu/h-i686-mingw32/bin/../lib/gcc/nios2-elf/4.1.2/mno-hw-mul\libgcc.a(_fpcmp_parts_sf.o)
 .bss           0x02017604        0x0 c:/altera/13.0/nios2eds/bin/gnu/h-i686-mingw32/bin/../lib/gcc/nios2-elf/4.1.2/mno-hw-mul\libgcc.a(_make_sf.o)
 .bss           0x02017604        0x0 c:/altera/13.0/nios2eds/bin/gnu/h-i686-mingw32/bin/../lib/gcc/nios2-elf/4.1.2/mno-hw-mul\libgcc.a(_pack_df.o)
 .bss           0x02017604        0x0 c:/altera/13.0/nios2eds/bin/gnu/h-i686-mingw32/bin/../lib/gcc/nios2-elf/4.1.2/mno-hw-mul\libgcc.a(_unpack_df.o)
 .bss           0x02017604        0x0 c:/altera/13.0/nios2eds/bin/gnu/h-i686-mingw32/bin/../lib/gcc/nios2-elf/4.1.2/mno-hw-mul\libgcc.a(_fpcmp_parts_df.o)
 .bss           0x02017604        0x0 c:/altera/13.0/nios2eds/bin/gnu/h-i686-mingw32/bin/../lib/gcc/nios2-elf/4.1.2/mno-hw-mul\libgcc.a(_pack_sf.o)
 .bss           0x02017604        0x0 ../first_app_bsp/\libhal_bsp.a(alt_close.o)
 .bss           0x02017604        0x0 ../first_app_bsp/\libhal_bsp.a(alt_dev.o)
 .bss           0x02017604        0x0 ../first_app_bsp/\libhal_bsp.a(alt_errno.o)
 .bss           0x02017604        0x0 ../first_app_bsp/\libhal_bsp.a(alt_fstat.o)
 .bss           0x02017604        0x0 ../first_app_bsp/\libhal_bsp.a(alt_isatty.o)
 .bss           0x02017604        0x0 ../first_app_bsp/\libhal_bsp.a(alt_load.o)
 .bss           0x02017604        0x0 ../first_app_bsp/\libhal_bsp.a(alt_lseek.o)
 .bss           0x02017604        0x0 ../first_app_bsp/\libhal_bsp.a(alt_main.o)
 .bss           0x02017604        0x0 ../first_app_bsp/\libhal_bsp.a(alt_malloc_lock.o)
 .bss           0x02017604        0x0 ../first_app_bsp/\libhal_bsp.a(alt_open.o)
 .bss           0x02017604        0x0 ../first_app_bsp/\libhal_bsp.a(alt_read.o)
 .bss           0x02017604        0x0 ../first_app_bsp/\libhal_bsp.a(alt_release_fd.o)
 .bss           0x02017604        0x0 ../first_app_bsp/\libhal_bsp.a(alt_sbrk.o)
 .bss           0x02017604        0x0 ../first_app_bsp/\libhal_bsp.a(alt_write.o)
 .bss           0x02017604        0x0 ../first_app_bsp/\libhal_bsp.a(alt_sys_init.o)
 .bss           0x02017604        0x0 ../first_app_bsp/\libhal_bsp.a(altera_avalon_jtag_uart_fd.o)
 .bss           0x02017604        0x0 ../first_app_bsp/\libhal_bsp.a(altera_avalon_jtag_uart_init.o)
 .bss           0x02017604        0x0 ../first_app_bsp/\libhal_bsp.a(altera_avalon_jtag_uart_ioctl.o)
 .bss           0x02017604        0x0 ../first_app_bsp/\libhal_bsp.a(altera_avalon_jtag_uart_read.o)
 .bss           0x02017604        0x0 ../first_app_bsp/\libhal_bsp.a(altera_avalon_jtag_uart_write.o)
 .bss           0x02017604        0x0 ../first_app_bsp/\libhal_bsp.a(altera_avalon_performance_counter.o)
 .bss           0x02017604        0x0 ../first_app_bsp/\libhal_bsp.a(altera_hostfs.o)
 .bss           0x02017604        0x0 ../first_app_bsp/\libhal_bsp.a(perf_print_formatted_report.o)
 .bss           0x02017604        0x0 ../first_app_bsp/\libhal_bsp.a(alt_alarm_start.o)
 .bss           0x02017604        0x0 ../first_app_bsp/\libhal_bsp.a(alt_dcache_flush_all.o)
 .bss           0x02017604        0x0 ../first_app_bsp/\libhal_bsp.a(alt_dev_llist_insert.o)
 .bss           0x02017604        0x0 ../first_app_bsp/\libhal_bsp.a(alt_do_ctors.o)
 .bss           0x02017604        0x0 ../first_app_bsp/\libhal_bsp.a(alt_do_dtors.o)
 .bss           0x02017604        0x0 ../first_app_bsp/\libhal_bsp.a(alt_find_dev.o)
 .bss           0x02017604        0x0 ../first_app_bsp/\libhal_bsp.a(alt_find_file.o)
 .bss           0x02017604        0x0 ../first_app_bsp/\libhal_bsp.a(alt_fs_reg.o)
 .bss           0x02017604        0x0 ../first_app_bsp/\libhal_bsp.a(alt_get_fd.o)
 .bss           0x02017604        0x0 ../first_app_bsp/\libhal_bsp.a(alt_icache_flush_all.o)
 .bss           0x02017604        0x0 ../first_app_bsp/\libhal_bsp.a(alt_iic.o)
 .bss           0x02017604        0x0 ../first_app_bsp/\libhal_bsp.a(alt_iic_isr_register.o)
 .bss           0x02017604        0x0 ../first_app_bsp/\libhal_bsp.a(alt_io_redirect.o)
 .bss           0x02017604        0x0 ../first_app_bsp/\libhal_bsp.a(alt_irq_entry.o)
 .bss           0x02017604        0x0 ../first_app_bsp/\libhal_bsp.a(alt_irq_handler.o)
 .bss           0x02017604        0x0 ../first_app_bsp/\libhal_bsp.a(alt_irq_vars.o)
 .bss           0x02017604        0x0 ../first_app_bsp/\libhal_bsp.a(alt_tick.o)
 .bss           0x02017604        0x0 ../first_app_bsp/\libhal_bsp.a(altera_nios2_qsys_irq.o)
 .bss           0x02017604        0x0 ../first_app_bsp/\libhal_bsp.a(alt_exception_entry.o)
 .bss           0x02017604        0x0 c:/altera/13.0/nios2eds/bin/gnu/h-i686-mingw32/bin/../lib/gcc/nios2-elf/4.1.2/../../../../nios2-elf/lib/mno-hw-mul\libc.a(lib_a-atexit.o)
 .bss           0x02017604        0x0 c:/altera/13.0/nios2eds/bin/gnu/h-i686-mingw32/bin/../lib/gcc/nios2-elf/4.1.2/../../../../nios2-elf/lib/mno-hw-mul\libc.a(lib_a-exit.o)
 .bss           0x02017604        0x0 c:/altera/13.0/nios2eds/bin/gnu/h-i686-mingw32/bin/../lib/gcc/nios2-elf/4.1.2/../../../../nios2-elf/lib/mno-hw-mul\libc.a(lib_a-memcmp.o)
 .bss           0x02017604        0x0 c:/altera/13.0/nios2eds/bin/gnu/h-i686-mingw32/bin/../lib/gcc/nios2-elf/4.1.2/../../../../nios2-elf/lib/mno-hw-mul\libc.a(lib_a-__atexit.o)
 .bss           0x02017604        0x0 c:/altera/13.0/nios2eds/bin/gnu/h-i686-mingw32/bin/../lib/gcc/nios2-elf/4.1.2/../../../../nios2-elf/lib/mno-hw-mul\libc.a(lib_a-__call_atexit.o)
 .bss           0x02017604        0x0 c:/altera/13.0/nios2eds/bin/gnu/h-i686-mingw32/bin/../lib/gcc/nios2-elf/4.1.2/mno-hw-mul\libgcc.a(_floatundidf.o)
 .bss           0x02017604        0x0 ../first_app_bsp/\libhal_bsp.a(alt_exit.o)
 *(COMMON)
 COMMON         0x02017604      0x100 c:/altera/13.0/nios2eds/bin/gnu/h-i686-mingw32/bin/../lib/gcc/nios2-elf/4.1.2/../../../../nios2-elf/lib/mno-hw-mul\libc.a(lib_a-gdtoa-gethex.o)
                0x02017604                __hexdig
 COMMON         0x02017704      0x100 ../first_app_bsp/\libhal_bsp.a(alt_irq_handler.o)
                0x02017704                alt_irq
 COMMON         0x02017804      0x190 c:/altera/13.0/nios2eds/bin/gnu/h-i686-mingw32/bin/../lib/gcc/nios2-elf/4.1.2/../../../../nios2-elf/lib/mno-hw-mul\libc.a(lib_a-atexit.o)
                0x02017804                _atexit0
                0x02017994                . = ALIGN (0x4)
                0x02017994                __bss_end = ABSOLUTE (.)

.sdram          0x02017994        0x0
                0x02017994                PROVIDE (_alt_partition_sdram_start, ABSOLUTE (.))
 *(.sdram. sdram.*)
                0x02017994                . = ALIGN (0x4)
                0x02017994                PROVIDE (_alt_partition_sdram_end, ABSOLUTE (.))
                0x02017994                _end = ABSOLUTE (.)
                0x02017994                end = ABSOLUTE (.)
                0x02017994                __alt_stack_base = ABSOLUTE (.)
                0x02017994                PROVIDE (_alt_partition_sdram_load_addr, LOADADDR (.sdram))

.stab
 *(.stab)

.stabstr
 *(.stabstr)

.stab.excl
 *(.stab.excl)

.stab.exclstr
 *(.stab.exclstr)

.stab.index
 *(.stab.index)

.stab.indexstr
 *(.stab.indexstr)

.comment        0x00000000       0x23
 *(.comment)
 .comment       0x00000000       0x23 obj/default/main.o
                                 0x24 (size before relaxing)
 .comment       0x00000000       0x24 c:/altera/13.0/nios2eds/bin/gnu/h-i686-mingw32/bin/../lib/gcc/nios2-elf/4.1.2/mno-hw-mul\libgcc.a(lib2-mul.o)
 .comment       0x00000000       0x24 c:/altera/13.0/nios2eds/bin/gnu/h-i686-mingw32/bin/../lib/gcc/nios2-elf/4.1.2/../../../../nios2-elf/lib/mno-hw-mul\libc.a(lib_a-fclose.o)
 .comment       0x00000000       0x24 c:/altera/13.0/nios2eds/bin/gnu/h-i686-mingw32/bin/../lib/gcc/nios2-elf/4.1.2/../../../../nios2-elf/lib/mno-hw-mul\libc.a(lib_a-fflush.o)
 .comment       0x00000000       0x24 c:/altera/13.0/nios2eds/bin/gnu/h-i686-mingw32/bin/../lib/gcc/nios2-elf/4.1.2/../../../../nios2-elf/lib/mno-hw-mul\libc.a(lib_a-findfp.o)
 .comment       0x00000000       0x24 c:/altera/13.0/nios2eds/bin/gnu/h-i686-mingw32/bin/../lib/gcc/nios2-elf/4.1.2/../../../../nios2-elf/lib/mno-hw-mul\libc.a(lib_a-fopen.o)
 .comment       0x00000000       0x24 c:/altera/13.0/nios2eds/bin/gnu/h-i686-mingw32/bin/../lib/gcc/nios2-elf/4.1.2/../../../../nios2-elf/lib/mno-hw-mul\libc.a(lib_a-fread.o)
 .comment       0x00000000       0x24 c:/altera/13.0/nios2eds/bin/gnu/h-i686-mingw32/bin/../lib/gcc/nios2-elf/4.1.2/../../../../nios2-elf/lib/mno-hw-mul\libc.a(lib_a-freer.o)
 .comment       0x00000000       0x24 c:/altera/13.0/nios2eds/bin/gnu/h-i686-mingw32/bin/../lib/gcc/nios2-elf/4.1.2/../../../../nios2-elf/lib/mno-hw-mul\libc.a(lib_a-fseek.o)
 .comment       0x00000000       0x24 c:/altera/13.0/nios2eds/bin/gnu/h-i686-mingw32/bin/../lib/gcc/nios2-elf/4.1.2/../../../../nios2-elf/lib/mno-hw-mul\libc.a(lib_a-fstatr.o)
 .comment       0x00000000       0x24 c:/altera/13.0/nios2eds/bin/gnu/h-i686-mingw32/bin/../lib/gcc/nios2-elf/4.1.2/../../../../nios2-elf/lib/mno-hw-mul\libc.a(lib_a-fwalk.o)
 .comment       0x00000000       0x24 c:/altera/13.0/nios2eds/bin/gnu/h-i686-mingw32/bin/../lib/gcc/nios2-elf/4.1.2/../../../../nios2-elf/lib/mno-hw-mul\libc.a(lib_a-fwrite.o)
 .comment       0x00000000       0x24 c:/altera/13.0/nios2eds/bin/gnu/h-i686-mingw32/bin/../lib/gcc/nios2-elf/4.1.2/../../../../nios2-elf/lib/mno-hw-mul\libc.a(lib_a-impure.o)
 .comment       0x00000000       0x24 c:/altera/13.0/nios2eds/bin/gnu/h-i686-mingw32/bin/../lib/gcc/nios2-elf/4.1.2/../../../../nios2-elf/lib/mno-hw-mul\libc.a(lib_a-int_errno.o)
 .comment       0x00000000       0x24 c:/altera/13.0/nios2eds/bin/gnu/h-i686-mingw32/bin/../lib/gcc/nios2-elf/4.1.2/../../../../nios2-elf/lib/mno-hw-mul\libc.a(lib_a-makebuf.o)
 .comment       0x00000000       0x24 c:/altera/13.0/nios2eds/bin/gnu/h-i686-mingw32/bin/../lib/gcc/nios2-elf/4.1.2/../../../../nios2-elf/lib/mno-hw-mul\libc.a(lib_a-malloc.o)